Component: ARM Compiler 5.05 update 1 (build 106) Tool: armlink [4d0efa]

==============================================================================

Section Cross References

    startup_stm32f10x_hd.o(STACK) refers (Special) to heapauxi.o(.text) for __use_two_region_memory
    startup_stm32f10x_hd.o(HEAP) refers (Special) to heapauxi.o(.text) for __use_two_region_memory
    startup_stm32f10x_hd.o(RESET) refers (Special) to heapauxi.o(.text) for __use_two_region_memory
    startup_stm32f10x_hd.o(RESET) refers to startup_stm32f10x_hd.o(.text) for Reset_Handler
    startup_stm32f10x_hd.o(RESET) refers to stm32f10x_it.o(i.NMI_Handler) for NMI_Handler
    startup_stm32f10x_hd.o(RESET) refers to stm32f10x_it.o(i.HardFault_Handler) for HardFault_Handler
    startup_stm32f10x_hd.o(RESET) refers to stm32f10x_it.o(i.MemManage_Handler) for MemManage_Handler
    startup_stm32f10x_hd.o(RESET) refers to stm32f10x_it.o(i.BusFault_Handler) for BusFault_Handler
    startup_stm32f10x_hd.o(RESET) refers to stm32f10x_it.o(i.UsageFault_Handler) for UsageFault_Handler
    startup_stm32f10x_hd.o(RESET) refers to stm32f10x_it.o(i.SVC_Handler) for SVC_Handler
    startup_stm32f10x_hd.o(RESET) refers to stm32f10x_it.o(i.DebugMon_Handler) for DebugMon_Handler
    startup_stm32f10x_hd.o(RESET) refers to os_cpu_a.o(.text) for OS_CPU_PendSVHandler
    startup_stm32f10x_hd.o(RESET) refers to stm32f10x_it.o(i.SysTick_Handler) for SysTick_Handler
    startup_stm32f10x_hd.o(RESET) refers to stm32f10x_it.o(i.I2C1_EV_IRQHandler) for I2C1_EV_IRQHandler
    startup_stm32f10x_hd.o(RESET) refers to stm32f10x_it.o(i.USART1_IRQHandler) for USART1_IRQHandler
    startup_stm32f10x_hd.o(.text) refers (Special) to heapauxi.o(.text) for __use_two_region_memory
    startup_stm32f10x_hd.o(.text) refers to system_stm32f10x.o(i.SystemInit) for SystemInit
    startup_stm32f10x_hd.o(.text) refers to startup_stm32f10x_hd.o(STACK) for __initial_sp
    startup_stm32f10x_hd.o(.text) refers to __main.o(!!!main) for __main
    startup_stm32f10x_hd.o(.text) refers to startup_stm32f10x_hd.o(HEAP) for Heap_Mem
    stm32f10x_flash.o(i.FLASH_EnableWriteProtection) refers to stm32f10x_flash.o(i.FLASH_WaitForLastOperation) for FLASH_WaitForLastOperation
    stm32f10x_flash.o(i.FLASH_EraseAllBank1Pages) refers to stm32f10x_flash.o(i.FLASH_WaitForLastBank1Operation) for FLASH_WaitForLastBank1Operation
    stm32f10x_flash.o(i.FLASH_EraseAllPages) refers to stm32f10x_flash.o(i.FLASH_WaitForLastOperation) for FLASH_WaitForLastOperation
    stm32f10x_flash.o(i.FLASH_EraseOptionBytes) refers to stm32f10x_flash.o(i.FLASH_GetReadOutProtectionStatus) for FLASH_GetReadOutProtectionStatus
    stm32f10x_flash.o(i.FLASH_EraseOptionBytes) refers to stm32f10x_flash.o(i.FLASH_WaitForLastOperation) for FLASH_WaitForLastOperation
    stm32f10x_flash.o(i.FLASH_ErasePage) refers to stm32f10x_flash.o(i.FLASH_WaitForLastOperation) for FLASH_WaitForLastOperation
    stm32f10x_flash.o(i.FLASH_ProgramHalfWord) refers to stm32f10x_flash.o(i.FLASH_WaitForLastOperation) for FLASH_WaitForLastOperation
    stm32f10x_flash.o(i.FLASH_ProgramOptionByteData) refers to stm32f10x_flash.o(i.FLASH_WaitForLastOperation) for FLASH_WaitForLastOperation
    stm32f10x_flash.o(i.FLASH_ProgramWord) refers to stm32f10x_flash.o(i.FLASH_WaitForLastOperation) for FLASH_WaitForLastOperation
    stm32f10x_flash.o(i.FLASH_ReadOutProtection) refers to stm32f10x_flash.o(i.FLASH_WaitForLastOperation) for FLASH_WaitForLastOperation
    stm32f10x_flash.o(i.FLASH_UserOptionByteConfig) refers to stm32f10x_flash.o(i.FLASH_WaitForLastOperation) for FLASH_WaitForLastOperation
    stm32f10x_flash.o(i.FLASH_WaitForLastBank1Operation) refers to stm32f10x_flash.o(i.FLASH_GetBank1Status) for FLASH_GetBank1Status
    stm32f10x_flash.o(i.FLASH_WaitForLastOperation) refers to stm32f10x_flash.o(i.FLASH_GetBank1Status) for FLASH_GetBank1Status
    stm32f10x_gpio.o(i.GPIO_AFIODeInit) refers to stm32f10x_rcc.o(i.RCC_APB2PeriphResetCmd) for RCC_APB2PeriphResetCmd
    stm32f10x_gpio.o(i.GPIO_DeInit) refers to stm32f10x_rcc.o(i.RCC_APB2PeriphResetCmd) for RCC_APB2PeriphResetCmd
    stm32f10x_rcc.o(i.RCC_GetClocksFreq) refers to stm32f10x_rcc.o(.data) for .data
    stm32f10x_rcc.o(i.RCC_WaitForHSEStartUp) refers to stm32f10x_rcc.o(i.RCC_GetFlagStatus) for RCC_GetFlagStatus
    stm32f10x_adc.o(i.ADC_DeInit) refers to stm32f10x_rcc.o(i.RCC_APB2PeriphResetCmd) for RCC_APB2PeriphResetCmd
    stm32f10x_bkp.o(i.BKP_DeInit) refers to stm32f10x_rcc.o(i.RCC_BackupResetCmd) for RCC_BackupResetCmd
    stm32f10x_can.o(i.CAN_DeInit) refers to stm32f10x_rcc.o(i.RCC_APB1PeriphResetCmd) for RCC_APB1PeriphResetCmd
    stm32f10x_can.o(i.CAN_GetITStatus) refers to stm32f10x_can.o(i.CheckITStatus) for CheckITStatus
    stm32f10x_cec.o(i.CEC_DeInit) refers to stm32f10x_rcc.o(i.RCC_APB1PeriphResetCmd) for RCC_APB1PeriphResetCmd
    stm32f10x_dac.o(i.DAC_DeInit) refers to stm32f10x_rcc.o(i.RCC_APB1PeriphResetCmd) for RCC_APB1PeriphResetCmd
[...]
    .constdata                               0x080043a4   Section        4  os_cfg_app.o(.constdata)
    .constdata                               0x080043a8   Section        4  os_cfg_app.o(.constdata)
    .constdata                               0x080043ac   Section        4  os_cfg_app.o(.constdata)
    .constdata                               0x080043b0   Section        1  os_cfg_app.o(.constdata)
    .constdata                               0x080043b4   Section        4  os_cfg_app.o(.constdata)
    .constdata                               0x080043b8   Section        4  os_cfg_app.o(.constdata)
    .constdata                               0x080043bc   Section        4  os_cfg_app.o(.constdata)
    .constdata                               0x080043c0   Section        2  os_cfg_app.o(.constdata)
    .constdata                               0x080043c2   Section        1  os_cfg_app.o(.constdata)
    .constdata                               0x080043c4   Section        4  os_cfg_app.o(.constdata)
    .constdata                               0x080043c8   Section        4  os_cfg_app.o(.constdata)
    .constdata                               0x080043cc   Section        4  os_cfg_app.o(.constdata)
    .constdata                               0x080043d0   Section        4  os_cfg_app.o(.constdata)
    .constdata                               0x080043d4   Section        2  os_cfg_app.o(.constdata)
    .data                                    0x20000000   Section       20  stm32f10x_rcc.o(.data)
    ADCPrescTable                            0x20000000   Data           4  stm32f10x_rcc.o(.data)
    APBAHBPrescTable                         0x20000004   Data          16  stm32f10x_rcc.o(.data)
    .data                                    0x20000014   Section        4  stm32f10x_it.o(.data)
    .data                                    0x20000018   Section        8  app.o(.data)
    .data                                    0x20000020   Section        4  os_prio.o(.data)
    .data                                    0x20000024   Section        4  os_var.o(.data)
    .data                                    0x20000028   Section        4  os_var.o(.data)
    .data                                    0x2000002c   Section        4  os_var.o(.data)
    .data                                    0x20000030   Section        4  os_var.o(.data)
    .data                                    0x20000034   Section        4  os_var.o(.data)
    .data                                    0x20000038   Section        4  os_var.o(.data)
    .data                                    0x2000003c   Section        4  os_var.o(.data)
    .data                                    0x20000040   Section        4  os_var.o(.data)
    .data                                    0x20000044   Section        1  os_var.o(.data)
    .data                                    0x20000045   Section        1  os_var.o(.data)
    .data                                    0x20000048   Section        4  os_var.o(.data)
    .data                                    0x2000004c   Section        4  os_var.o(.data)
    .data                                    0x20000050   Section        2  os_var.o(.data)
    .data                                    0x20000052   Section        2  os_var.o(.data)
    .data                                    0x20000054   Section        2  os_var.o(.data)
    .data                                    0x20000058   Section        4  os_var.o(.data)
    .data                                    0x2000005c   Section        4  os_var.o(.data)
    .data                                    0x20000060   Section        2  os_var.o(.data)
    .data                                    0x20000064   Section        4  os_var.o(.data)
    .data                                    0x20000068   Section        2  os_var.o(.data)
    .data                                    0x2000006c   Section        4  os_var.o(.data)
    .data                                    0x20000070   Section        2  os_var.o(.data)
    .data                                    0x20000072   Section        1  os_var.o(.data)
    .data                                    0x20000073   Section        1  os_var.o(.data)
    .data                                    0x20000074   Section        1  os_var.o(.data)
    .data                                    0x20000078   Section        4  os_var.o(.data)
    .data                                    0x2000007c   Section        2  os_var.o(.data)
    .data                                    0x2000007e   Section        1  os_var.o(.data)
    .data                                    0x20000080   Section        4  os_var.o(.data)
    .data                                    0x20000084   Section        1  os_var.o(.data)
    .data                                    0x20000088   Section        4  os_var.o(.data)
    .data                                    0x2000008c   Section        2  os_var.o(.data)
    .data                                    0x2000008e   Section        1  os_var.o(.data)
    .data                                    0x20000090   Section        2  os_var.o(.data)
    .data                                    0x20000092   Section        2  os_var.o(.data)
    .data                                    0x20000094   Section        4  os_var.o(.data)
    .data                                    0x20000098   Section        4  os_var.o(.data)
    .data                                    0x2000009c   Section        4  os_var.o(.data)
    .data                                    0x200000a0   Section        1  os_var.o(.data)
    .data                                    0x200000a4   Section        4  os_var.o(.data)
    .data                                    0x200000a8   Section        4  os_var.o(.data)
    .data                                    0x200000ac   Section        4  os_var.o(.data)
    .data                                    0x200000b0   Section        2  os_var.o(.data)
    .data                                    0x200000b2   Section        1  os_var.o(.data)
    .data                                    0x200000b4   Section        4  os_var.o(.data)
    .data                                    0x200000b8   Section        4  os_var.o(.data)
    .data                                    0x200000bc   Section        4  os_var.o(.data)
    .data                                    0x200000c0   Section        4  os_var.o(.data)
    .data                                    0x200000c4   Section        4  os_var.o(.data)
    .data                                    0x200000c8   Section        4  os_var.o(.data)
    .data                                    0x200000cc   Section        4  os_var.o(.data)
    .data                                    0x200000d0   Section        4  os_var.o(.data)
    .data                                    0x200000d4   Section        4  os_var.o(.data)
    .data                                    0x200000d8   Section        4  os_cpu_c.o(.data)
    .bss                                     0x200000dc   Section       20  bsp.o(.bss)
    .bss                                     0x200000f0   Section     8832  app.o(.bss)
    LED1_TCB                                 0x200002f0   Data         192  app.o(.bss)
    LED1_Stk                                 0x200003b0   Data         512  app.o(.bss)
    LED2_TCB                                 0x200005b0   Data         192  app.o(.bss)
    LED2_Stk                                 0x20000670   Data         512  app.o(.bss)
    LED3_TCB                                 0x20000870   Data         192  app.o(.bss)
    LED3_Stk                                 0x20000930   Data         512  app.o(.bss)
    .bss                                     0x20002370   Section      512  os_cfg_app.o(.bss)
    .bss                                     0x20002570   Section      320  os_cfg_app.o(.bss)
    .bss                                     0x200026b0   Section      512  os_cfg_app.o(.bss)
    .bss                                     0x200028b0   Section      512  os_cfg_app.o(.bss)
    .bss                                     0x20002ab0   Section     1600  os_cfg_app.o(.bss)
    .bss                                     0x200030f0   Section      512  os_cfg_app.o(.bss)
    .bss                                     0x200032f0   Section      512  os_cfg_app.o(.bss)
    .bss                                     0x200034f0   Section      136  os_cfg_app.o(.bss)
    .bss                                     0x20003578   Section      512  os_cfg_app.o(.bss)
    .bss                                     0x20003778   Section      136  os_cfg_app.o(.bss)
    .bss                                     0x20003800   Section      192  os_var.o(.bss)
    .bss                                     0x200038c0   Section      192  os_var.o(.bss)
    .bss                                     0x20003980   Section       12  os_var.o(.bss)
    .bss                                     0x2000398c   Section      384  os_var.o(.bss)
    .bss                                     0x20003b0c   Section      192  os_var.o(.bss)
    .bss                                     0x20003bcc   Section      192  os_var.o(.bss)
    .bss                                     0x20003c8c   Section      192  os_var.o(.bss)
    .bss                                     0x20003d4c   Section       96  libspace.o(.bss)
    HEAP                                     0x20003db0   Section      512  startup_stm32f10x_hd.o(HEAP)
    Heap_Mem                                 0x20003db0   Data         512  startup_stm32f10x_hd.o(HEAP)
    STACK                                    0x20003fb0   Section     1024  startup_stm32f10x_hd.o(STACK)
    Stack_Mem                                0x20003fb0   Data        1024  startup_stm32f10x_hd.o(STACK)
    __initial_sp                             0x200043b0   Data           0  startup_stm32f10x_hd.o(STACK)

    Global Symbols

    Symbol Name                              Value     Ov Type        Size  Object(Section)

    BuildAttributes$$THM_ISAv4$P$D$K$B$S$PE$A:L22UL41UL21$X:L11$S22US41US21$IEEE1$IW$USESV6$~STKCKD$USESV7$~SHL$OSPACE$ROPI$EBA8$UX$STANDARDLIB$REQ8$PRES8$EABIv2 0x00000000   Number         0  anon$$obj.o ABSOLUTE
    __ARM_use_no_argv                        0x00000000   Number         0  app.o ABSOLUTE
    __ARM_exceptions_init                     - Undefined Weak Reference
    __alloca_initialize                       - Undefined Weak Reference
    __arm_preinit_                            - Undefined Weak Reference
    __cpp_initialize__aeabi_                  - Undefined Weak Reference
    __cxa_finalize                            - Undefined Weak Reference
    __rt_locale                               - Undefined Weak Reference
    __sigvec_lookup                           - Undefined Weak Reference
    _atexit_init                              - Undefined Weak Reference
    _call_atexit_fns                          - Undefined Weak Reference
    _clock_init                               - Undefined Weak Reference
    _fp_trap_init                             - Undefined Weak Reference
    _fp_trap_shutdown                         - Undefined Weak Reference
    _get_lc_collate                           - Undefined Weak Reference
    _get_lc_ctype                             - Undefined Weak Reference
    _get_lc_monetary                          - Undefined Weak Reference
    _get_lc_numeric                           - Undefined Weak Reference
    _get_lc_time                              - Undefined Weak Reference
    _getenv_init                              - Undefined Weak Reference
    _handle_redirection                       - Undefined Weak Reference
    _init_alloc                               - Undefined Weak Reference
    _init_user_alloc                          - Undefined Weak Reference
    _initio                                   - Undefined Weak Reference
    _rand_init                                - Undefined Weak Reference
    _signal_finish                            - Undefined Weak Reference
    _signal_init                              - Undefined Weak Reference
    _terminate_alloc                          - Undefined Weak Reference
    _terminate_user_alloc                     - Undefined Weak Reference
    _terminateio                              - Undefined Weak Reference
    __Vectors_Size                           0x00000130   Number         0  startup_stm32f10x_hd.o ABSOLUTE
    __Vectors                                0x08000000   Data           4  startup_stm32f10x_hd.o(RESET)
    __Vectors_End                            0x08000130   Data           0  startup_stm32f10x_hd.o(RESET)
    __main                                   0x08000131   Thumb Code     8  __main.o(!!!main)
    __scatterload                            0x08000139   Thumb Code     0  __scatter.o(!!!scatter)
    __scatterload_rt2                        0x08000139   Thumb Code    44  __scatter.o(!!!scatter)
    __scatterload_rt2_thumb_only             0x08000139   Thumb Code     0  __scatter.o(!!!scatter)
    __scatterload_null                       0x08000147   Thumb Code     0  __scatter.o(!!!scatter)
    __scatterload_copy                       0x0800016d   Thumb Code    26  __scatter_copy.o(!!handler_copy)
    __scatterload_zeroinit                   0x08000189   Thumb Code    28  __scatter_zi.o(!!handler_zi)
    __rt_lib_init                            0x080001a5   Thumb Code     0  libinit.o(.ARM.Collect$$libinit$$00000000)
    __rt_lib_init_alloca_1                   0x080001a7   Thumb Code     0  libinit2.o(.ARM.Collect$$libinit$$0000002E)
    __rt_lib_init_argv_1                     0x080001a7   Thumb Code     0  libinit2.o(.ARM.Collect$$libinit$$0000002C)
    __rt_lib_init_atexit_1                   0x080001a7   Thumb Code     0  libinit2.o(.ARM.Collect$$libinit$$0000001B)
    __rt_lib_init_clock_1                    0x080001a7   Thumb Code     0  libinit2.o(.ARM.Collect$$libinit$$00000021)
    __rt_lib_init_cpp_1                      0x080001a7   Thumb Code     0  libinit2.o(.ARM.Collect$$libinit$$00000032)
    __rt_lib_init_exceptions_1               0x080001a7   Thumb Code     0  libinit2.o(.ARM.Collect$$libinit$$00000030)
    __rt_lib_init_fp_1                       0x080001a7   Thumb Code     0  libinit2.o(.ARM.Collect$$libinit$$00000002)
    __rt_lib_init_fp_trap_1                  0x080001a7   Thumb Code     0  libinit2.o(.ARM.Collect$$libinit$$0000001F)
    __rt_lib_init_getenv_1                   0x080001a7   Thumb Code     0  libinit2.o(.ARM.Collect$$libinit$$00000023)
    __rt_lib_init_heap_1                     0x080001a7   Thumb Code     0  libinit2.o(.ARM.Collect$$libinit$$0000000A)
    __rt_lib_init_lc_collate_1               0x080001a7   Thumb Code     0  libinit2.o(.ARM.Collect$$libinit$$00000011)
    __rt_lib_init_lc_ctype_1                 0x080001a7   Thumb Code     0  libinit2.o(.ARM.Collect$$libinit$$00000013)
    __rt_lib_init_lc_monetary_1              0x080001a7   Thumb Code     0  libinit2.o(.ARM.Collect$$libinit$$00000015)
    __rt_lib_init_lc_numeric_1               0x080001a7   Thumb Code     0  libinit2.o(.ARM.Collect$$libinit$$00000017)
    __rt_lib_init_lc_time_1                  0x080001a7   Thumb Code     0  libinit2.o(.ARM.Collect$$libinit$$00000019)
    __rt_lib_init_preinit_1                  0x080001a7   Thumb Code     0  libinit2.o(.ARM.Collect$$libinit$$00000004)
    __rt_lib_init_rand_1                     0x080001a7   Thumb Code     0  libinit2.o(.ARM.Collect$$libinit$$0000000E)
    __rt_lib_init_return                     0x080001a7   Thumb Code     0  libinit2.o(.ARM.Collect$$libinit$$00000033)
    __rt_lib_init_signal_1                   0x080001a7   Thumb Code     0  libinit2.o(.ARM.Collect$$libinit$$0000001D)
    __rt_lib_init_stdio_1                    0x080001a7   Thumb Code     0  libinit2.o(.ARM.Collect$$libinit$$00000025)
    __rt_lib_init_user_alloc_1               0x080001a7   Thumb Code     0  libinit2.o(.ARM.Collect$$libinit$$0000000C)
    __rt_lib_shutdown                        0x080001a9   Thumb Code     0  libshutdown.o(.ARM.Collect$$libshutdown$$00000000)
    __rt_lib_shutdown_fp_trap_1              0x080001ab   Thumb Code     0  libshutdown2.o(.ARM.Collect$$libshutdown$$00000006)
    __rt_lib_shutdown_heap_1                 0x080001ab   Thumb Code     0  libshutdown2.o(.ARM.Collect$$libshutdown$$0000000E)
    __rt_lib_shutdown_return                 0x080001ab   Thumb Code     0  libshutdown2.o(.ARM.Collect$$libshutdown$$0000000F)
    __rt_lib_shutdown_signal_1               0x080001ab   Thumb Code     0  libshutdown2.o(.ARM.Collect$$libshutdown$$00000009)
    __rt_lib_shutdown_stdio_1                0x080001ab   Thumb Code     0  libshutdown2.o(.ARM.Collect$$libshutdown$$00000003)
    __rt_lib_shutdown_user_alloc_1           0x080001ab   Thumb Code     0  libshutdown2.o(.ARM.Collect$$libshutdown$$0000000B)
    __rt_entry                               0x080001ad   Thumb Code     0  __rtentry.o(.ARM.Collect$$rtentry$$00000000)
    __rt_entry_presh_1                       0x080001ad   Thumb Code     0  __rtentry2.o(.ARM.Collect$$rtentry$$00000002)
    __rt_entry_sh                            0x080001ad   Thumb Code     0  __rtentry4.o(.ARM.Collect$$rtentry$$00000004)
    __rt_entry_li                            0x080001b3   Thumb Code     0  __rtentry2.o(.ARM.Collect$$rtentry$$0000000A)
    __rt_entry_postsh_1                      0x080001b3   Thumb Code     0  __rtentry2.o(.ARM.Collect$$rtentry$$00000009)
    __rt_entry_main                          0x080001b7   Thumb Code     0  __rtentry2.o(.ARM.Collect$$rtentry$$0000000D)
    __rt_entry_postli_1                      0x080001b7   Thumb Code     0  __rtentry2.o(.ARM.Collect$$rtentry$$0000000C)
    __rt_exit                                0x080001bf   Thumb Code     0  rtexit.o(.ARM.Collect$$rtexit$$00000000)
    __rt_exit_ls                             0x080001c1   Thumb Code     0  rtexit2.o(.ARM.Collect$$rtexit$$00000003)
    __rt_exit_prels_1                        0x080001c1   Thumb Code     0  rtexit2.o(.ARM.Collect$$rtexit$$00000002)
    __rt_exit_exit                           0x080001c5   Thumb Code     0  rtexit2.o(.ARM.Collect$$rtexit$$00000004)
    Reset_Handler                            0x080001cd   Thumb Code    14  startup_stm32f10x_hd.o(.text)
    ADC1_2_IRQHandler                        0x080001ed   Thumb Code     0  startup_stm32f10x_hd.o(.text)
    ADC3_IRQHandler                          0x080001ed   Thumb Code     0  startup_stm32f10x_hd.o(.text)
    CAN1_RX1_IRQHandler                      0x080001ed   Thumb Code     0  startup_stm32f10x_hd.o(.text)
    CAN1_SCE_IRQHandler                      0x080001ed   Thumb Code     0  startup_stm32f10x_hd.o(.text)
    DMA1_Channel1_IRQHandler                 0x080001ed   Thumb Code     0  startup_stm32f10x_hd.o(.text)
    DMA1_Channel2_IRQHandler                 0x080001ed   Thumb Code     0  startup_stm32f10x_hd.o(.text)
    DMA1_Channel3_IRQHandler                 0x080001ed   Thumb Code     0  startup_stm32f10x_hd.o(.text)
    DMA1_Channel4_IRQHandler                 0x080001ed   Thumb Code     0  startup_stm32f10x_hd.o(.text)
    DMA1_Channel5_IRQHandler                 0x080001ed   Thumb Code     0  startup_stm32f10x_hd.o(.text)
    DMA1_Channel6_IRQHandler                 0x080001ed   Thumb Code     0  startup_stm32f10x_hd.o(.text)
    DMA1_Channel7_IRQHandler                 0x080001ed   Thumb Code     0  startup_stm32f10x_hd.o(.text)
    DMA2_Channel1_IRQHandler                 0x080001ed   Thumb Code     0  startup_stm32f10x_hd.o(.text)
    DMA2_Channel2_IRQHandler                 0x080001ed   Thumb Code     0  startup_stm32f10x_hd.o(.text)
    DMA2_Channel3_IRQHandler                 0x080001ed   Thumb Code     0  startup_stm32f10x_hd.o(.text)
    DMA2_Channel4_5_IRQHandler               0x080001ed   Thumb Code     0  startup_stm32f10x_hd.o(.text)
    EXTI0_IRQHandler                         0x080001ed   Thumb Code     0  startup_stm32f10x_hd.o(.text)
    EXTI15_10_IRQHandler                     0x080001ed   Thumb Code     0  startup_stm32f10x_hd.o(.text)
    EXTI1_IRQHandler                         0x080001ed   Thumb Code     0  startup_stm32f10x_hd.o(.text)
    EXTI2_IRQHandler                         0x080001ed   Thumb Code     0  startup_stm32f10x_hd.o(.text)
    EXTI3_IRQHandler                         0x080001ed   Thumb Code     0  startup_stm32f10x_hd.o(.text)
    EXTI4_IRQHandler                         0x080001ed   Thumb Code     0  startup_stm32f10x_hd.o(.text)
    EXTI9_5_IRQHandler                       0x080001ed   Thumb Code     0  startup_stm32f10x_hd.o(.text)
    FLASH_IRQHandler                         0x080001ed   Thumb Code     0  startup_stm32f10x_hd.o(.text)
    FSMC_IRQHandler                          0x080001ed   Thumb Code     0  startup_stm32f10x_hd.o(.text)
    I2C1_ER_IRQHandler                       0x080001ed   Thumb Code     0  startup_stm32f10x_hd.o(.text)
    I2C2_ER_IRQHandler                       0x080001ed   Thumb Code     0  startup_stm32f10x_hd.o(.text)
    I2C2_EV_IRQHandler                       0x080001ed   Thumb Code     0  startup_stm32f10x_hd.o(.text)
    PVD_IRQHandler                           0x080001ed   Thumb Code     0  startup_stm32f10x_hd.o(.text)
    RCC_IRQHandler                           0x080001ed   Thumb Code     0  startup_stm32f10x_hd.o(.text)
    RTCAlarm_IRQHandler                      0x080001ed   Thumb Code     0  startup_stm32f10x_hd.o(.text)
    RTC_IRQHandler                           0x080001ed   Thumb Code     0  startup_stm32f10x_hd.o(.text)
    SDIO_IRQHandler                          0x080001ed   Thumb Code     0  startup_stm32f10x_hd.o(.text)
    SPI1_IRQHandler                          0x080001ed   Thumb Code     0  startup_stm32f10x_hd.o(.text)
    SPI2_IRQHandler                          0x080001ed   Thumb Code     0  startup_stm32f10x_hd.o(.text)
    SPI3_IRQHandler                          0x080001ed   Thumb Code     0  startup_stm32f10x_hd.o(.text)
    TAMPER_IRQHandler                        0x080001ed   Thumb Code     0  startup_stm32f10x_hd.o(.text)
    TIM1_BRK_IRQHandler                      0x080001ed   Thumb Code     0  startup_stm32f10x_hd.o(.text)
    TIM1_CC_IRQHandler                       0x080001ed   Thumb Code     0  startup_stm32f10x_hd.o(.text)
    TIM1_TRG_COM_IRQHandler                  0x080001ed   Thumb Code     0  startup_stm32f10x_hd.o(.text)
    TIM1_UP_IRQHandler                       0x080001ed   Thumb Code     0  startup_stm32f10x_hd.o(.text)
    TIM2_IRQHandler                          0x080001ed   Thumb Code     0  startup_stm32f10x_hd.o(.text)
    TIM3_IRQHandler                          0x080001ed   Thumb Code     0  startup_stm32f10x_hd.o(.text)
    TIM4_IRQHandler                          0x080001ed   Thumb Code     0  startup_stm32f10x_hd.o(.text)
    TIM5_IRQHandler                          0x080001ed   Thumb Code     0  startup_stm32f10x_hd.o(.text)
    TIM6_IRQHandler                          0x080001ed   Thumb Code     0  startup_stm32f10x_hd.o(.text)
    TIM7_IRQHandler                          0x080001ed   Thumb Code     0  startup_stm32f10x_hd.o(.text)
    TIM8_BRK_IRQHandler                      0x080001ed   Thumb Code     0  startup_stm32f10x_hd.o(.text)
    TIM8_CC_IRQHandler                       0x080001ed   Thumb Code     0  startup_stm32f10x_hd.o(.text)
    TIM8_TRG_COM_IRQHandler                  0x080001ed   Thumb Code     0  startup_stm32f10x_hd.o(.text)
    TIM8_UP_IRQHandler                       0x080001ed   Thumb Code     0  startup_stm32f10x_hd.o(.text)
    UART4_IRQHandler                         0x080001ed   Thumb Code     0  startup_stm32f10x_hd.o(.text)
    UART5_IRQHandler                         0x080001ed   Thumb Code     0  startup_stm32f10x_hd.o(.text)
    USART2_IRQHandler                        0x080001ed   Thumb Code     0  startup_stm32f10x_hd.o(.text)
    USART3_IRQHandler                        0x080001ed   Thumb Code     0  startup_stm32f10x_hd.o(.text)
    USBWakeUp_IRQHandler                     0x080001ed   Thumb Code     0  startup_stm32f10x_hd.o(.text)
    USB_HP_CAN1_TX_IRQHandler                0x080001ed   Thumb Code     0  startup_stm32f10x_hd.o(.text)
    USB_LP_CAN1_RX0_IRQHandler               0x080001ed   Thumb Code     0  startup_stm32f10x_hd.o(.text)
    WWDG_IRQHandler                          0x080001ed   Thumb Code     0  startup_stm32f10x_hd.o(.text)
    __user_initial_stackheap                 0x080001f1   Thumb Code     0  startup_stm32f10x_hd.o(.text)
    OSStartHighRdy                           0x08000219   Thumb Code     0  os_cpu_a.o(.text)
    OS_CPU_PendSVHandler                     0x0800023b   Thumb Code     0  os_cpu_a.o(.text)
    CPU_IntDis                               0x0800029d   Thumb Code     0  cpu_a.o(.text)
    CPU_IntEn                                0x080002a1   Thumb Code     0  cpu_a.o(.text)
    CPU_SR_Save                              0x080002a5   Thumb Code     0  cpu_a.o(.text)
    CPU_SR_Restore                           0x080002ad   Thumb Code     0  cpu_a.o(.text)
    CPU_WaitForInt                           0x080002b3   Thumb Code     0  cpu_a.o(.text)
    CPU_WaitForExcept                        0x080002b7   Thumb Code     0  cpu_a.o(.text)
    CPU_CntLeadZeros                         0x080002bb   Thumb Code     0  cpu_a.o(.text)
    CPU_CntTrailZeros                        0x080002c1   Thumb Code     0  cpu_a.o(.text)
    CPU_RevBits                              0x080002cb   Thumb Code     0  cpu_a.o(.text)
    strcpy                                   0x080002d1   Thumb Code    72  strcpy.o(.text)
    __use_two_region_memory                  0x08000319   Thumb Code     2  heapauxi.o(.text)
    __rt_heap_escrow$2region                 0x0800031b   Thumb Code     2  heapauxi.o(.text)
    __rt_heap_expand$2region                 0x0800031d   Thumb Code     2  heapauxi.o(.text)
    __user_setup_stackheap                   0x0800031f   Thumb Code    74  sys_stackheap_outer.o(.text)
    exit                                     0x08000369   Thumb Code    12  exit.o(.text)
    __user_libspace                          0x08000375   Thumb Code     8  libspace.o(.text)
    __user_perproc_libspace                  0x08000375   Thumb Code     0  libspace.o(.text)
    __user_perthread_libspace                0x08000375   Thumb Code     0  libspace.o(.text)
    _sys_exit                                0x0800037d   Thumb Code     8  sys_exit.o(.text)
    __I$use$semihosting                      0x08000389   Thumb Code     0  use_no_semi.o(.text)
    __use_no_semihosting_swi                 0x08000389   Thumb Code     2  use_no_semi.o(.text)
    BusFault_Handler                         0x0800038b   Thumb Code     2  stm32f10x_it.o(i.BusFault_Handler)
    __semihosting_library_function           0x0800038b   Thumb Code     0  indicate_semi.o(.text)
    DebugMon_Handler                         0x0800038d   Thumb Code     2  stm32f10x_it.o(i.DebugMon_Handler)
    FLASH_PrefetchBufferCmd                  0x08000391   Thumb Code    18  stm32f10x_flash.o(i.FLASH_PrefetchBufferCmd)
    FLASH_SetLatency                         0x080003a9   Thumb Code    14  stm32f10x_flash.o(i.FLASH_SetLatency)
    GPIO_Init                                0x080003bd   Thumb Code   162  stm32f10x_gpio.o(i.GPIO_Init)
    GPIO_ResetBits                           0x0800045f   Thumb Code     4  stm32f10x_gpio.o(i.GPIO_ResetBits)
    GPIO_SetBits                             0x08000463   Thumb Code     4  stm32f10x_gpio.o(i.GPIO_SetBits)
    GPIO_init                                0x08000469   Thumb Code   152  bsp.o(i.GPIO_init)
    HardFault_Handler                        0x0800050d   Thumb Code     2  stm32f10x_it.o(i.HardFault_Handler)
    I2C1_EV_IRQHandler                       0x08000511   Thumb Code   152  stm32f10x_it.o(i.I2C1_EV_IRQHandler)
    I2C_Cmd                                  0x080005c5   Thumb Code    20  stm32f10x_i2c.o(i.I2C_Cmd)
    I2C_GetLastEvent                         0x080005d9   Thumb Code    14  stm32f10x_i2c.o(i.I2C_GetLastEvent)
    I2C_ITConfig                             0x080005e7   Thumb Code    16  stm32f10x_i2c.o(i.I2C_ITConfig)
    I2C_Init                                 0x080005f9   Thumb Code   178  stm32f10x_i2c.o(i.I2C_Init)
    MemManage_Handler                        0x080006b5   Thumb Code     2  stm32f10x_it.o(i.MemManage_Handler)
    NMI_Handler                              0x080006b7   Thumb Code     2  stm32f10x_it.o(i.NMI_Handler)
    NVIC_Init                                0x080006b9   Thumb Code    94  misc.o(i.NVIC_Init)
    NVIC_PriorityGroupConfig                 0x0800071d   Thumb Code    10  misc.o(i.NVIC_PriorityGroupConfig)
    NVIC_init                                0x08000751   Thumb Code    56  bsp.o(i.NVIC_init)
    OSCfg_Init                               0x08000789   Thumb Code     2  os_cfg_app.o(i.OSCfg_Init)
    OSFlagCreate                             0x0800078d   Thumb Code   104  os_flag.o(i.OSFlagCreate)
    OSFlagPost                               0x08000805   Thumb Code   100  os_flag.o(i.OSFlagPost)
    OSIdleTaskHook                           0x08000871   Thumb Code    12  os_cpu_c.o(i.OSIdleTaskHook)
    OSInit                                   0x08000881   Thumb Code   278  os_core.o(i.OSInit)
    OSInitHook                               0x080009ed   Thumb Code    20  os_cpu_c.o(i.OSInitHook)
    OSIntEnter                               0x08000a0d   Thumb Code    22  os_core.o(i.OSIntEnter)
    OSIntExit                                0x08000a2d   Thumb Code   108  os_core.o(i.OSIntExit)
    OSMemCreate                              0x08000abd   Thumb Code   184  os_mem.o(i.OSMemCreate)
    OSMemGet                                 0x08000b85   Thumb Code    66  os_mem.o(i.OSMemGet)
    OSMemPut                                 0x08000bc7   Thumb Code    70  os_mem.o(i.OSMemPut)
    OSQCreate                                0x08000c0d   Thumb Code   118  os_q.o(i.OSQCreate)
    OSQPend                                  0x08000c95   Thumb Code   344  os_q.o(i.OSQPend)
    OSQPost                                  0x08000dfd   Thumb Code   136  os_q.o(i.OSQPost)
    OSSched                                  0x08000e8d   Thumb Code    90  os_core.o(i.OSSched)
    OSSchedLock                              0x08000f09   Thumb Code    64  os_core.o(i.OSSchedLock)
    OSSchedUnlock                            0x08000f55   Thumb Code    82  os_core.o(i.OSSchedUnlock)
    OSSemCreate                              0x08000fb5   Thumb Code   104  os_sem.o(i.OSSemCreate)
    OSSemPend                                0x0800102d   Thumb Code   298  os_sem.o(i.OSSemPend)
    OSSemPost                                0x08001169   Thumb Code   100  os_sem.o(i.OSSemPost)
    OSStart                                  0x080011d5   Thumb Code    62  os_core.o(i.OSStart)
    OSStatReset                              0x0800122d   Thumb Code   144  os_stat.o(i.OSStatReset)
    OSStatTaskHook                           0x080012e1   Thumb Code    12  os_cpu_c.o(i.OSStatTaskHook)
    OSTaskCreate                             0x080012f1   Thumb Code   400  os_task.o(i.OSTaskCreate)
    OSTaskCreateHook                         0x080014a5   Thumb Code    12  os_cpu_c.o(i.OSTaskCreateHook)
    OSTaskDel                                0x080014b5   Thumb Code   252  os_task.o(i.OSTaskDel)
    OSTaskDelHook                            0x080015cd   Thumb Code    12  os_cpu_c.o(i.OSTaskDelHook)
    OSTaskQPend                              0x080015dd   Thumb Code   318  os_task.o(i.OSTaskQPend)
    OSTaskQPost                              0x08001729   Thumb Code    82  os_task.o(i.OSTaskQPost)
    OSTaskReturnHook                         0x08001785   Thumb Code    12  os_cpu_c.o(i.OSTaskReturnHook)
    OSTaskSemPend                            0x08001795   Thumb Code   298  os_task.o(i.OSTaskSemPend)
    OSTaskStkChk                             0x080018cd   Thumb Code   138  os_task.o(i.OSTaskStkChk)
    OSTaskStkInit                            0x08001961   Thumb Code   108  os_cpu_c.o(i.OSTaskStkInit)
    OSTaskSwHook                             0x080019d1   Thumb Code    46  os_cpu_c.o(i.OSTaskSwHook)
    OSTimeDly                                0x08001a0d   Thumb Code   158  os_time.o(i.OSTimeDly)
    OSTimeDlyHMSM                            0x08001ab9   Thumb Code   306  os_time.o(i.OSTimeDlyHMSM)
    OSTimeTick                               0x08001bfd   Thumb Code    50  os_time.o(i.OSTimeTick)
    OSTimeTickHook                           0x08001c3d   Thumb Code    12  os_cpu_c.o(i.OSTimeTickHook)
    OS_Dbg_Init                              0x08001c4d   Thumb Code     2  os_dbg.o(i.OS_Dbg_Init)
    OS_FlagDbgListAdd                        0x08001c51   Thumb Code    26  os_flag.o(i.OS_FlagDbgListAdd)
    OS_FlagInit                              0x08001c75   Thumb Code    14  os_flag.o(i.OS_FlagInit)
    OS_FlagPost                              0x08001c8d   Thumb Code   286  os_flag.o(i.OS_FlagPost)
    OS_FlagTaskRdy                           0x08001db5   Thumb Code    68  os_flag.o(i.OS_FlagTaskRdy)
    OS_IdleTask                              0x08001df9   Thumb Code    30  os_core.o(i.OS_IdleTask)
    OS_IdleTaskInit                          0x08001e21   Thumb Code    60  os_core.o(i.OS_IdleTaskInit)
    OS_IntQPost                              0x08001e89   Thumb Code   138  os_int.o(i.OS_IntQPost)
    OS_IntQRePost                            0x08001f39   Thumb Code   220  os_int.o(i.OS_IntQRePost)
    OS_IntQTask                              0x08002051   Thumb Code    74  os_int.o(i.OS_IntQTask)
    OS_IntQTaskInit                          0x080020a9   Thumb Code   192  os_int.o(i.OS_IntQTaskInit)
    OS_MemDbgListAdd                         0x080021c1   Thumb Code    22  os_mem.o(i.OS_MemDbgListAdd)
    OS_MemInit                               0x080021dd   Thumb Code    14  os_mem.o(i.OS_MemInit)
    OS_MsgPoolInit                           0x080021f5   Thumb Code    92  os_msg.o(i.OS_MsgPoolInit)
    OS_MsgQFreeAll                           0x0800225d   Thumb Code    48  os_msg.o(i.OS_MsgQFreeAll)
    OS_MsgQGet                               0x08002291   Thumb Code    82  os_msg.o(i.OS_MsgQGet)
    OS_MsgQInit                              0x080022e9   Thumb Code    14  os_msg.o(i.OS_MsgQInit)
    OS_MsgQPut                               0x080022f9   Thumb Code   132  os_msg.o(i.OS_MsgQPut)
    OS_MutexInit                             0x08002381   Thumb Code    14  os_mutex.o(i.OS_MutexInit)
    OS_Pend                                  0x08002399   Thumb Code    74  os_core.o(i.OS_Pend)
    OS_PendDataInit                          0x080023e9   Thumb Code    48  os_core.o(i.OS_PendDataInit)
    OS_PendDbgNameAdd                        0x08002419   Thumb Code    46  os_core.o(i.OS_PendDbgNameAdd)
    OS_PendDbgNameRemove                     0x08002461   Thumb Code    22  os_core.o(i.OS_PendDbgNameRemove)
    OS_PendListInit                          0x0800247d   Thumb Code    10  os_core.o(i.OS_PendListInit)
    OS_PendListInsertPrio                    0x08002487   Thumb Code    90  os_core.o(i.OS_PendListInsertPrio)
    OS_PendListRemove                        0x080024e1   Thumb Code    38  os_core.o(i.OS_PendListRemove)
    OS_PendListRemove1                       0x08002507   Thumb Code    54  os_core.o(i.OS_PendListRemove1)
    OS_Post                                  0x0800253d   Thumb Code   152  os_core.o(i.OS_Post)
    OS_Post1                                 0x080025d5   Thumb Code    38  os_core.o(i.OS_Post1)
    OS_PrioGetHighest                        0x080025fd   Thumb Code    32  os_prio.o(i.OS_PrioGetHighest)
    OS_PrioInit                              0x08002621   Thumb Code     8  os_prio.o(i.OS_PrioInit)
    OS_PrioInsert                            0x0800262d   Thumb Code    28  os_prio.o(i.OS_PrioInsert)
    OS_PrioRemove                            0x0800264d   Thumb Code    28  os_prio.o(i.OS_PrioRemove)
    OS_QDbgListAdd                           0x0800266d   Thumb Code    26  os_q.o(i.OS_QDbgListAdd)
    OS_QInit                                 0x08002691   Thumb Code    14  os_q.o(i.OS_QInit)
    OS_QPost                                 0x080026a9   Thumb Code   186  os_q.o(i.OS_QPost)
    OS_RdyListInit                           0x0800276d   Thumb Code    32  os_core.o(i.OS_RdyListInit)
    OS_RdyListInsert                         0x08002791   Thumb Code    42  os_core.o(i.OS_RdyListInsert)
    OS_RdyListInsertHead                     0x080027c1   Thumb Code    52  os_core.o(i.OS_RdyListInsertHead)
    OS_RdyListInsertTail                     0x080027f9   Thumb Code    48  os_core.o(i.OS_RdyListInsertTail)
    OS_RdyListMoveHeadToTail                 0x0800282d   Thumb Code    52  os_core.o(i.OS_RdyListMoveHeadToTail)
    OS_RdyListRemove                         0x08002861   Thumb Code    78  os_core.o(i.OS_RdyListRemove)
    OS_Sched0                                0x080028b5   Thumb Code    50  os_core.o(i.OS_Sched0)
    OS_SchedRoundRobin                       0x080028fd   Thumb Code    84  os_core.o(i.OS_SchedRoundRobin)
    OS_SemDbgListAdd                         0x08002961   Thumb Code    26  os_sem.o(i.OS_SemDbgListAdd)
    OS_SemInit                               0x08002985   Thumb Code    14  os_sem.o(i.OS_SemInit)
    OS_SemPost                               0x0800299d   Thumb Code   174  os_sem.o(i.OS_SemPost)
    OS_StatTask                              0x08002a51   Thumb Code   482  os_stat.o(i.OS_StatTask)
    OS_StatTaskInit                          0x08002c79   Thumb Code   118  os_stat.o(i.OS_StatTaskInit)
    OS_TaskBlock                             0x08002d35   Thumb Code    42  os_core.o(i.OS_TaskBlock)
    OS_TaskDbgListAdd                        0x08002d61   Thumb Code    30  os_task.o(i.OS_TaskDbgListAdd)
    OS_TaskDbgListRemove                     0x08002d85   Thumb Code    50  os_task.o(i.OS_TaskDbgListRemove)
    OS_TaskInit                              0x08002dbd   Thumb Code    18  os_task.o(i.OS_TaskInit)
    OS_TaskInitTCB                           0x08002ddd   Thumb Code   174  os_task.o(i.OS_TaskInitTCB)
    OS_TaskQPost                             0x08002e99   Thumb Code   222  os_task.o(i.OS_TaskQPost)
    OS_TaskRdy                               0x08002f85   Thumb Code    28  os_core.o(i.OS_TaskRdy)
    OS_TaskResume                            0x08002fa1   Thumb Code   184  os_task.o(i.OS_TaskResume)
    OS_TaskReturn                            0x0800305d   Thumb Code    20  os_task.o(i.OS_TaskReturn)
    OS_TaskSemPost                           0x08003075   Thumb Code   262  os_task.o(i.OS_TaskSemPost)
    OS_TaskSuspend                           0x08003189   Thumb Code   160  os_task.o(i.OS_TaskSuspend)
    OS_TickListInit                          0x08003231   Thumb Code    34  os_tick.o(i.OS_TickListInit)
    OS_TickListInsert                        0x0800325d   Thumb Code   202  os_tick.o(i.OS_TickListInsert)
    OS_TickListRemove                        0x08003335   Thumb Code    54  os_tick.o(i.OS_TickListRemove)
    OS_TickListResetPeak                     0x0800336d   Thumb Code    30  os_tick.o(i.OS_TickListResetPeak)
    OS_TickListUpdate                        0x08003395   Thumb Code   296  os_tick.o(i.OS_TickListUpdate)
    OS_TickTask                              0x080034d5   Thumb Code    36  os_tick.o(i.OS_TickTask)
    OS_TickTaskInit                          0x080034fd   Thumb Code   112  os_tick.o(i.OS_TickTaskInit)
    OS_TmrInit                               0x080035a5   Thumb Code   172  os_tmr.o(i.OS_TmrInit)
    OS_TmrLink                               0x080036a9   Thumb Code   140  os_tmr.o(i.OS_TmrLink)
    OS_TmrResetPeak                          0x08003741   Thumb Code    30  os_tmr.o(i.OS_TmrResetPeak)
    OS_TmrTask                               0x08003769   Thumb Code   138  os_tmr.o(i.OS_TmrTask)
    OS_TmrUnlink                             0x08003805   Thumb Code    68  os_tmr.o(i.OS_TmrUnlink)
    Our_Sys_Init                             0x08003851   Thumb Code    30  bsp.o(i.Our_Sys_Init)
    RCC_APB1PeriphClockCmd                   0x08003871   Thumb Code    18  stm32f10x_rcc.o(i.RCC_APB1PeriphClockCmd)
    RCC_APB2PeriphClockCmd                   0x08003889   Thumb Code    18  stm32f10x_rcc.o(i.RCC_APB2PeriphClockCmd)
    RCC_ClockSecuritySystemCmd               0x080038a1   Thumb Code     6  stm32f10x_rcc.o(i.RCC_ClockSecuritySystemCmd)
    RCC_DeInit                               0x080038ad   Thumb Code    50  stm32f10x_rcc.o(i.RCC_DeInit)
    RCC_GetClocksFreq                        0x080038ed   Thumb Code   128  stm32f10x_rcc.o(i.RCC_GetClocksFreq)
    RCC_GetFlagStatus                        0x0800397d   Thumb Code    44  stm32f10x_rcc.o(i.RCC_GetFlagStatus)
    RCC_GetSYSCLKSource                      0x080039ad   Thumb Code    10  stm32f10x_rcc.o(i.RCC_GetSYSCLKSource)
    RCC_HCLKConfig                           0x080039bd   Thumb Code    14  stm32f10x_rcc.o(i.RCC_HCLKConfig)
    RCC_HSEConfig                            0x080039d1   Thumb Code    48  stm32f10x_rcc.o(i.RCC_HSEConfig)
    RCC_PCLK1Config                          0x08003a05   Thumb Code    14  stm32f10x_rcc.o(i.RCC_PCLK1Config)
    RCC_PCLK2Config                          0x08003a19   Thumb Code    16  stm32f10x_rcc.o(i.RCC_PCLK2Config)
    RCC_PLLCmd                               0x08003a2d   Thumb Code     6  stm32f10x_rcc.o(i.RCC_PLLCmd)
    RCC_PLLConfig                            0x08003a39   Thumb Code    16  stm32f10x_rcc.o(i.RCC_PLLConfig)
    RCC_SYSCLKConfig                         0x08003a4d   Thumb Code    14  stm32f10x_rcc.o(i.RCC_SYSCLKConfig)
    RCC_WaitForHSEStartUp                    0x08003a61   Thumb Code    44  stm32f10x_rcc.o(i.RCC_WaitForHSEStartUp)
    RCC_init                                 0x08003a8d   Thumb Code   128  bsp.o(i.RCC_init)
    SVC_Handler                              0x08003b11   Thumb Code     2  stm32f10x_it.o(i.SVC_Handler)
    SysTick_Handler                          0x08003bbd   Thumb Code    18  stm32f10x_it.o(i.SysTick_Handler)
    SystemInit                               0x08003bd1   Thumb Code    64  system_stm32f10x.o(i.SystemInit)
    Systick_init                             0x08003c21   Thumb Code    58  bsp.o(i.Systick_init)
    Task_LED1                                0x08003c61   Thumb Code    70  app.o(i.Task_LED1)
    Task_LED2                                0x08003cb5   Thumb Code    62  app.o(i.Task_LED2)
    Task_LED3                                0x08003cf9   Thumb Code    68  app.o(i.Task_LED3)
    Task_Start                               0x08003d41   Thumb Code   260  app.o(i.Task_Start)
    USART1_IRQHandler                        0x08003ed1   Thumb Code    76  stm32f10x_it.o(i.USART1_IRQHandler)
    USART_ClearITPendingBit                  0x08003f2d   Thumb Code    12  stm32f10x_usart.o(i.USART_ClearITPendingBit)
    USART_Cmd                                0x08003f39   Thumb Code    20  stm32f10x_usart.o(i.USART_Cmd)
    USART_GetITStatus                        0x08003f4d   Thumb Code    62  stm32f10x_usart.o(i.USART_GetITStatus)
    USART_ITConfig                           0x08003f8b   Thumb Code    48  stm32f10x_usart.o(i.USART_ITConfig)
    USART_Init                               0x08003fbd   Thumb Code   166  stm32f10x_usart.o(i.USART_Init)
    USART_SendData                           0x08004069   Thumb Code     8  stm32f10x_usart.o(i.USART_SendData)
    UsageFault_Handler                       0x08004071   Thumb Code     2  stm32f10x_it.o(i.UsageFault_Handler)
    Usart1_RxDataDealTask                    0x08004075   Thumb Code    14  app.o(i.Usart1_RxDataDealTask)
    Usart1_SendMsgTask                       0x08004089   Thumb Code   132  app.o(i.Usart1_SendMsgTask)
    Usart1_SendStr                           0x08004119   Thumb Code    20  app.o(i.Usart1_SendStr)
    Usart1_StoreMsgTask                      0x08004131   Thumb Code   104  app.o(i.Usart1_StoreMsgTask)
    Usart_Init                               0x0800419d   Thumb Code    60  bsp.o(i.Usart_Init)
    i2c_init                                 0x080041dd   Thumb Code    88  bsp.o(i.i2c_init)
    main                                     0x0800423d   Thumb Code   170  app.o(i.main)
    OSCfg_IdleTaskStkBasePtr                 0x08004364   Data           4  os_cfg_app.o(.constdata)
    OSCfg_IdleTaskStkLimit                   0x08004368   Data           4  os_cfg_app.o(.constdata)
    OSCfg_IdleTaskStkSize                    0x0800436c   Data           4  os_cfg_app.o(.constdata)
    OSCfg_IntQBasePtr                        0x08004370   Data           4  os_cfg_app.o(.constdata)
    OSCfg_IntQSize                           0x08004374   Data           2  os_cfg_app.o(.constdata)
    OSCfg_IntQTaskStkBasePtr                 0x08004378   Data           4  os_cfg_app.o(.constdata)
    OSCfg_IntQTaskStkLimit                   0x0800437c   Data           4  os_cfg_app.o(.constdata)
    OSCfg_IntQTaskStkSize                    0x08004380   Data           4  os_cfg_app.o(.constdata)
    OSCfg_ISRStkBasePtr                      0x08004384   Data           4  os_cfg_app.o(.constdata)
    OSCfg_ISRStkSize                         0x08004388   Data           4  os_cfg_app.o(.constdata)
    OSCfg_MsgPoolSize                        0x0800438c   Data           2  os_cfg_app.o(.constdata)
    OSCfg_MsgPoolBasePtr                     0x08004390   Data           4  os_cfg_app.o(.constdata)
    OSCfg_StatTaskPrio                       0x08004394   Data           1  os_cfg_app.o(.constdata)
    OSCfg_StatTaskRate_Hz                    0x08004398   Data           4  os_cfg_app.o(.constdata)
    OSCfg_StatTaskStkBasePtr                 0x0800439c   Data           4  os_cfg_app.o(.constdata)
    OSCfg_StatTaskStkLimit                   0x080043a0   Data           4  os_cfg_app.o(.constdata)
    OSCfg_StatTaskStkSize                    0x080043a4   Data           4  os_cfg_app.o(.constdata)
    OSCfg_StkSizeMin                         0x080043a8   Data           4  os_cfg_app.o(.constdata)
    OSCfg_TickRate_Hz                        0x080043ac   Data           4  os_cfg_app.o(.constdata)
    OSCfg_TickTaskPrio                       0x080043b0   Data           1  os_cfg_app.o(.constdata)
    OSCfg_TickTaskStkBasePtr                 0x080043b4   Data           4  os_cfg_app.o(.constdata)
    OSCfg_TickTaskStkLimit                   0x080043b8   Data           4  os_cfg_app.o(.constdata)
    OSCfg_TickTaskStkSize                    0x080043bc   Data           4  os_cfg_app.o(.constdata)
    OSCfg_TickWheelSize                      0x080043c0   Data           2  os_cfg_app.o(.constdata)
    OSCfg_TmrTaskPrio                        0x080043c2   Data           1  os_cfg_app.o(.constdata)
    OSCfg_TmrTaskRate_Hz                     0x080043c4   Data           4  os_cfg_app.o(.constdata)
    OSCfg_TmrTaskStkBasePtr                  0x080043c8   Data           4  os_cfg_app.o(.constdata)
    OSCfg_TmrTaskStkLimit                    0x080043cc   Data           4  os_cfg_app.o(.constdata)
    OSCfg_TmrTaskStkSize                     0x080043d0   Data           4  os_cfg_app.o(.constdata)
    OSCfg_TmrWheelSize                       0x080043d4   Data           2  os_cfg_app.o(.constdata)
    Region$$Table$$Base                      0x080043d8   Number         0  anon$$obj.o(Region$$Table)
    Region$$Table$$Limit                     0x080043f8   Number         0  anon$$obj.o(Region$$Table)
    usart_err                                0x20000014   Data           2  stm32f10x_it.o(.data)
    I2C_err                                  0x20000016   Data           2  stm32f10x_it.o(.data)
    size                                     0x20000018   Data           2  app.o(.data)
    data                                     0x2000001c   Data           4  app.o(.data)
    OSPrioTbl                                0x20000020   Data           4  os_prio.o(.data)
    OS_AppTaskCreateHookPtr                  0x20000024   Data           4  os_var.o(.data)
    OS_AppTaskDelHookPtr                     0x20000028   Data           4  os_var.o(.data)
    OS_AppTaskReturnHookPtr                  0x2000002c   Data           4  os_var.o(.data)
    OS_AppIdleTaskHookPtr                    0x20000030   Data           4  os_var.o(.data)
    OS_AppStatTaskHookPtr                    0x20000034   Data           4  os_var.o(.data)
    OS_AppTaskSwHookPtr                      0x20000038   Data           4  os_var.o(.data)
    OS_AppTimeTickHookPtr                    0x2000003c   Data           4  os_var.o(.data)
    OSIdleTaskCtr                            0x20000040   Data           4  os_var.o(.data)
    OSIntNestingCtr                          0x20000044   Data           1  os_var.o(.data)
    OSRunning                                0x20000045   Data           1  os_var.o(.data)
    OSIntQInPtr                              0x20000048   Data           4  os_var.o(.data)
    OSIntQOutPtr                             0x2000004c   Data           4  os_var.o(.data)
    OSIntQNbrEntries                         0x20000050   Data           2  os_var.o(.data)
    OSIntQNbrEntriesMax                      0x20000052   Data           2  os_var.o(.data)
    OSIntQOvfCtr                             0x20000054   Data           2  os_var.o(.data)
    OSIntQTaskTimeMax                        0x20000058   Data           4  os_var.o(.data)
    OSFlagDbgListPtr                         0x2000005c   Data           4  os_var.o(.data)
    OSFlagQty                                0x20000060   Data           2  os_var.o(.data)
    OSMemDbgListPtr                          0x20000064   Data           4  os_var.o(.data)
    OSMemQty                                 0x20000068   Data           2  os_var.o(.data)
    OSMutexDbgListPtr                        0x2000006c   Data           4  os_var.o(.data)
    OSMutexQty                               0x20000070   Data           2  os_var.o(.data)
    OSPrioCur                                0x20000072   Data           1  os_var.o(.data)
    OSPrioHighRdy                            0x20000073   Data           1  os_var.o(.data)
    OSPrioSaved                              0x20000074   Data           1  os_var.o(.data)
    OSQDbgListPtr                            0x20000078   Data           4  os_var.o(.data)
    OSQQty                                   0x2000007c   Data           2  os_var.o(.data)
    OSSchedLockNestingCtr                    0x2000007e   Data           1  os_var.o(.data)
    OSSchedRoundRobinDfltTimeQuanta          0x20000080   Data           4  os_var.o(.data)
    OSSchedRoundRobinEn                      0x20000084   Data           1  os_var.o(.data)
    OSSemDbgListPtr                          0x20000088   Data           4  os_var.o(.data)
    OSSemQty                                 0x2000008c   Data           2  os_var.o(.data)
    OSStatResetFlag                          0x2000008e   Data           1  os_var.o(.data)
    OSStatTaskCPUUsage                       0x20000090   Data           2  os_var.o(.data)
    OSStatTaskCPUUsageMax                    0x20000092   Data           2  os_var.o(.data)
    OSStatTaskCtr                            0x20000094   Data           4  os_var.o(.data)
    OSStatTaskCtrMax                         0x20000098   Data           4  os_var.o(.data)
    OSStatTaskCtrRun                         0x2000009c   Data           4  os_var.o(.data)
    OSStatTaskRdy                            0x200000a0   Data           1  os_var.o(.data)
    OSStatTaskTimeMax                        0x200000a4   Data           4  os_var.o(.data)
    OSTaskCtxSwCtr                           0x200000a8   Data           4  os_var.o(.data)
    OSTaskDbgListPtr                         0x200000ac   Data           4  os_var.o(.data)
    OSTaskQty                                0x200000b0   Data           2  os_var.o(.data)
    OSTaskRegNextAvailID                     0x200000b2   Data           1  os_var.o(.data)
    OSTickCtr                                0x200000b4   Data           4  os_var.o(.data)
    OSTickTaskTimeMax                        0x200000b8   Data           4  os_var.o(.data)
    OSTmrDbgListPtr                          0x200000bc   Data           4  os_var.o(.data)
    OSTmrTaskTimeMax                         0x200000c0   Data           4  os_var.o(.data)
    OSTmrTickCtr                             0x200000c4   Data           4  os_var.o(.data)
    OSTmrUpdateCnt                           0x200000c8   Data           4  os_var.o(.data)
    OSTmrUpdateCtr                           0x200000cc   Data           4  os_var.o(.data)
    OSTCBCurPtr                              0x200000d0   Data           4  os_var.o(.data)
    OSTCBHighRdyPtr                          0x200000d4   Data           4  os_var.o(.data)
    OS_CPU_ExceptStkBase                     0x200000d8   Data           4  os_cpu_c.o(.data)
    RCC_Clocks                               0x200000dc   Data          20  bsp.o(.bss)
    StartUp_TCB                              0x200000f0   Data         192  app.o(.bss)
    StartUp_Stk                              0x200001b0   Data         320  app.o(.bss)
    Usart1_StoreMsgTask_TCB                  0x20000b30   Data         192  app.o(.bss)
    Usart1_StoreMsgTask_Stk                  0x20000bf0   Data        2048  app.o(.bss)
    Usart1_SendMsg_TCB                       0x200013f0   Data         192  app.o(.bss)
    Usart1_SendMsg_Stk                       0x200014b0   Data        1024  app.o(.bss)
    Usart1_RxDataDealTask_TCB                0x200018b0   Data         192  app.o(.bss)
    Usart1_RxDataDealTask_Stk                0x20001970   Data        2048  app.o(.bss)
    Usart1_TXE_SEM                           0x20002170   Data          40  app.o(.bss)
    Storage_Left                             0x20002198   Data          40  app.o(.bss)
    Usart1_Str_Q                             0x200021c0   Data          48  app.o(.bss)
    Usart_Str_Mem                            0x200021f0   Data          32  app.o(.bss)
    StringStorage                            0x20002210   Data         200  app.o(.bss)
    Usart_Rx_Mem                             0x200022d8   Data          32  app.o(.bss)
    Usart1_RXNE_SEM                          0x200022f8   Data          40  app.o(.bss)
    Rx_Str_Left                              0x20002320   Data          40  app.o(.bss)
    I2CEventFlagGrp                          0x20002348   Data          40  app.o(.bss)
    OSCfg_IdleTaskStk                        0x20002370   Data         512  os_cfg_app.o(.bss)
    OSCfg_IntQ                               0x20002570   Data         320  os_cfg_app.o(.bss)
    OSCfg_IntQTaskStk                        0x200026b0   Data         512  os_cfg_app.o(.bss)
    OSCfg_ISRStk                             0x200028b0   Data         512  os_cfg_app.o(.bss)
    OSCfg_MsgPool                            0x20002ab0   Data        1600  os_cfg_app.o(.bss)
    OSCfg_StatTaskStk                        0x200030f0   Data         512  os_cfg_app.o(.bss)
    OSCfg_TickTaskStk                        0x200032f0   Data         512  os_cfg_app.o(.bss)
    OSCfg_TickWheel                          0x200034f0   Data         136  os_cfg_app.o(.bss)
    OSCfg_TmrTaskStk                         0x20003578   Data         512  os_cfg_app.o(.bss)
    OSCfg_TmrWheel                           0x20003778   Data         136  os_cfg_app.o(.bss)
    OSIdleTaskTCB                            0x20003800   Data         192  os_var.o(.bss)
    OSIntQTaskTCB                            0x200038c0   Data         192  os_var.o(.bss)
    OSMsgPool                                0x20003980   Data          12  os_var.o(.bss)
    OSRdyList                                0x2000398c   Data         384  os_var.o(.bss)
    OSStatTaskTCB                            0x20003b0c   Data         192  os_var.o(.bss)
    OSTickTaskTCB                            0x20003bcc   Data         192  os_var.o(.bss)
    OSTmrTaskTCB                             0x20003c8c   Data         192  os_var.o(.bss)
    __libspace_start                         0x20003d4c   Data          96  libspace.o(.bss)
    __temporary_stack_top$libspace           0x20003dac   Data           0  libspace.o(.bss)



==============================================================================

Memory Map of the image

  Image Entry point : 0x08000131

  Load Region LR_IROM1 (Base: 0x08000000, Size: 0x000044d4, Max: 0x00040000, ABSOLUTE)

    Execution Region ER_IROM1 (Base: 0x08000000, Size: 0x000043f8, Max: 0x00040000, ABSOLUTE)

    Base Addr    Size         Type   Attr      Idx    E Section Name        Object

    0x08000000   0x00000130   Data   RO            3    RESET               startup_stm32f10x_hd.o
    0x08000130   0x00000008   Code   RO         5547  * !!!main             c_w.l(__main.o)
    0x08000138   0x00000034   Code   RO         5703    !!!scatter          c_w.l(__scatter.o)
    0x0800016c   0x0000001a   Code   RO         5705    !!handler_copy      c_w.l(__scatter_copy.o)
    0x08000186   0x00000002   PAD
    0x08000188   0x0000001c   Code   RO         5707    !!handler_zi        c_w.l(__scatter_zi.o)
    0x080001a4   0x00000002   Code   RO         5574    .ARM.Collect$$libinit$$00000000  c_w.l(libinit.o)
    0x080001a6   0x00000000   Code   RO         5581    .ARM.Collect$$libinit$$00000002  c_w.l(libinit2.o)
    0x080001a6   0x00000000   Code   RO         5583    .ARM.Collect$$libinit$$00000004  c_w.l(libinit2.o)
    0x080001a6   0x00000000   Code   RO         5586    .ARM.Collect$$libinit$$0000000A  c_w.l(libinit2.o)
    0x080001a6   0x00000000   Code   RO         5588    .ARM.Collect$$libinit$$0000000C  c_w.l(libinit2.o)
    0x080001a6   0x00000000   Code   RO         5590    .ARM.Collect$$libinit$$0000000E  c_w.l(libinit2.o)
    0x080001a6   0x00000000   Code   RO         5593    .ARM.Collect$$libinit$$00000011  c_w.l(libinit2.o)
    0x080001a6   0x00000000   Code   RO         5595    .ARM.Collect$$libinit$$00000013  c_w.l(libinit2.o)
    0x080001a6   0x00000000   Code   RO         5597    .ARM.Collect$$libinit$$00000015  c_w.l(libinit2.o)
    0x080001a6   0x00000000   Code   RO         5599    .ARM.Collect$$libinit$$00000017  c_w.l(libinit2.o)
    0x080001a6   0x00000000   Code   RO         5601    .ARM.Collect$$libinit$$00000019  c_w.l(libinit2.o)
    0x080001a6   0x00000000   Code   RO         5603    .ARM.Collect$$libinit$$0000001B  c_w.l(libinit2.o)
    0x080001a6   0x00000000   Code   RO         5605    .ARM.Collect$$libinit$$0000001D  c_w.l(libinit2.o)
    0x080001a6   0x00000000   Code   RO         5607    .ARM.Collect$$libinit$$0000001F  c_w.l(libinit2.o)
    0x080001a6   0x00000000   Code   RO         5609    .ARM.Collect$$libinit$$00000021  c_w.l(libinit2.o)
    0x080001a6   0x00000000   Code   RO         5611    .ARM.Collect$$libinit$$00000023  c_w.l(libinit2.o)
    0x080001a6   0x00000000   Code   RO         5613    .ARM.Collect$$libinit$$00000025  c_w.l(libinit2.o)
    0x080001a6   0x00000000   Code   RO         5617    .ARM.Collect$$libinit$$0000002C  c_w.l(libinit2.o)
    0x080001a6   0x00000000   Code   RO         5619    .ARM.Collect$$libinit$$0000002E  c_w.l(libinit2.o)
    0x080001a6   0x00000000   Code   RO         5621    .ARM.Collect$$libinit$$00000030  c_w.l(libinit2.o)
    0x080001a6   0x00000000   Code   RO         5623    .ARM.Collect$$libinit$$00000032  c_w.l(libinit2.o)
    0x080001a6   0x00000002   Code   RO         5624    .ARM.Collect$$libinit$$00000033  c_w.l(libinit2.o)
    0x080001a8   0x00000002   Code   RO         5644    .ARM.Collect$$libshutdown$$00000000  c_w.l(libshutdown.o)
    0x080001aa   0x00000000   Code   RO         5658    .ARM.Collect$$libshutdown$$00000003  c_w.l(libshutdown2.o)
    0x080001aa   0x00000000   Code   RO         5661    .ARM.Collect$$libshutdown$$00000006  c_w.l(libshutdown2.o)
    0x080001aa   0x00000000   Code   RO         5664    .ARM.Collect$$libshutdown$$00000009  c_w.l(libshutdown2.o)
    0x080001aa   0x00000000   Code   RO         5666    .ARM.Collect$$libshutdown$$0000000B  c_w.l(libshutdown2.o)
    0x080001aa   0x00000000   Code   RO         5669    .ARM.Collect$$libshutdown$$0000000E  c_w.l(libshutdown2.o)
    0x080001aa   0x00000002   Code   RO         5670    .ARM.Collect$$libshutdown$$0000000F  c_w.l(libshutdown2.o)
    0x080001ac   0x00000000   Code   RO         5549    .ARM.Collect$$rtentry$$00000000  c_w.l(__rtentry.o)
    0x080001ac   0x00000000   Code   RO         5551    .ARM.Collect$$rtentry$$00000002  c_w.l(__rtentry2.o)
    0x080001ac   0x00000006   Code   RO         5563    .ARM.Collect$$rtentry$$00000004  c_w.l(__rtentry4.o)
    0x080001b2   0x00000000   Code   RO         5553    .ARM.Collect$$rtentry$$00000009  c_w.l(__rtentry2.o)
    0x080001b2   0x00000004   Code   RO         5554    .ARM.Collect$$rtentry$$0000000A  c_w.l(__rtentry2.o)
    0x080001b6   0x00000000   Code   RO         5556    .ARM.Collect$$rtentry$$0000000C  c_w.l(__rtentry2.o)
    0x080001b6   0x00000008   Code   RO         5557    .ARM.Collect$$rtentry$$0000000D  c_w.l(__rtentry2.o)
    0x080001be   0x00000002   Code   RO         5578    .ARM.Collect$$rtexit$$00000000  c_w.l(rtexit.o)
    0x080001c0   0x00000000   Code   RO         5626    .ARM.Collect$$rtexit$$00000002  c_w.l(rtexit2.o)
    0x080001c0   0x00000004   Code   RO         5627    .ARM.Collect$$rtexit$$00000003  c_w.l(rtexit2.o)
    0x080001c4   0x00000006   Code   RO         5628    .ARM.Collect$$rtexit$$00000004  c_w.l(rtexit2.o)
    0x080001ca   0x00000002   PAD
    0x080001cc   0x0000004c   Code   RO            4    .text               startup_stm32f10x_hd.o
    0x08000218   0x00000084   Code   RO         4911    .text               os_cpu_a.o
    0x0800029c   0x00000034   Code   RO         5469    .text               cpu_a.o
    0x080002d0   0x00000048   Code   RO         5543    .text               c_w.l(strcpy.o)
    0x08000318   0x00000006   Code   RO         5545    .text               c_w.l(heapauxi.o)
    0x0800031e   0x0000004a   Code   RO         5565    .text               c_w.l(sys_stackheap_outer.o)
    0x08000368   0x0000000c   Code   RO         5567    .text               c_w.l(exit.o)
    0x08000374   0x00000008   Code   RO         5575    .text               c_w.l(libspace.o)
    0x0800037c   0x0000000c   Code   RO         5636    .text               c_w.l(sys_exit.o)
    0x08000388   0x00000002   Code   RO         5647    .text               c_w.l(use_no_semi.o)
    0x0800038a   0x00000000   Code   RO         5649    .text               c_w.l(indicate_semi.o)
    0x0800038a   0x00000002   Code   RO         3238    i.BusFault_Handler  stm32f10x_it.o
    0x0800038c   0x00000002   Code   RO         3239    i.DebugMon_Handler  stm32f10x_it.o
    0x0800038e   0x00000002   PAD
    0x08000390   0x00000018   Code   RO          228    i.FLASH_PrefetchBufferCmd  stm32f10x_flash.o
    0x080003a8   0x00000014   Code   RO          233    i.FLASH_SetLatency  stm32f10x_flash.o
    0x080003bc   0x000000a2   Code   RO          397    i.GPIO_Init         stm32f10x_gpio.o
    0x0800045e   0x00000004   Code   RO          404    i.GPIO_ResetBits    stm32f10x_gpio.o
    0x08000462   0x00000004   Code   RO          405    i.GPIO_SetBits      stm32f10x_gpio.o
    0x08000466   0x00000002   PAD
    0x08000468   0x000000a4   Code   RO         3436    i.GPIO_init         bsp.o
    0x0800050c   0x00000002   Code   RO         3240    i.HardFault_Handler  stm32f10x_it.o
    0x0800050e   0x00000002   PAD
    0x08000510   0x000000b4   Code   RO         3241    i.I2C1_EV_IRQHandler  stm32f10x_it.o
    0x080005c4   0x00000014   Code   RO         1680    i.I2C_Cmd           stm32f10x_i2c.o
    0x080005d8   0x0000000e   Code   RO         1691    i.I2C_GetLastEvent  stm32f10x_i2c.o
    0x080005e6   0x00000010   Code   RO         1693    i.I2C_ITConfig      stm32f10x_i2c.o
    0x080005f6   0x00000002   PAD
    0x080005f8   0x000000bc   Code   RO         1694    i.I2C_Init          stm32f10x_i2c.o
    0x080006b4   0x00000002   Code   RO         3242    i.MemManage_Handler  stm32f10x_it.o
    0x080006b6   0x00000002   Code   RO         3243    i.NMI_Handler       stm32f10x_it.o
    0x080006b8   0x00000064   Code   RO           12    i.NVIC_Init         misc.o
    0x0800071c   0x00000014   Code   RO           13    i.NVIC_PriorityGroupConfig  misc.o
    0x08000730   0x00000020   Code   RO         3437    i.NVIC_SetPriority  bsp.o
    0x08000750   0x00000038   Code   RO         3438    i.NVIC_init         bsp.o
    0x08000788   0x00000002   Code   RO         3626    i.OSCfg_Init        os_cfg_app.o
    0x0800078a   0x00000002   PAD
    0x0800078c   0x00000078   Code   RO         3938    i.OSFlagCreate      os_flag.o
    0x08000804   0x0000006c   Code   RO         3943    i.OSFlagPost        os_flag.o
    0x08000870   0x00000010   Code   RO         4845    i.OSIdleTaskHook    os_cpu_c.o
    0x08000880   0x0000016c   Code   RO         3695    i.OSInit            os_core.o
    0x080009ec   0x00000020   Code   RO         4846    i.OSInitHook        os_cpu_c.o
    0x08000a0c   0x00000020   Code   RO         3696    i.OSIntEnter        os_core.o
    0x08000a2c   0x00000090   Code   RO         3697    i.OSIntExit         os_core.o
    0x08000abc   0x000000c8   Code   RO         4051    i.OSMemCreate       os_mem.o
    0x08000b84   0x00000042   Code   RO         4052    i.OSMemGet          os_mem.o
    0x08000bc6   0x00000046   Code   RO         4053    i.OSMemPut          os_mem.o
    0x08000c0c   0x00000088   Code   RO         4250    i.OSQCreate         os_q.o
    0x08000c94   0x00000168   Code   RO         4253    i.OSQPend           os_q.o
    0x08000dfc   0x00000090   Code   RO         4255    i.OSQPost           os_q.o
    0x08000e8c   0x0000007c   Code   RO         3698    i.OSSched           os_core.o
    0x08000f08   0x0000004c   Code   RO         3699    i.OSSchedLock       os_core.o
    0x08000f54   0x00000060   Code   RO         3702    i.OSSchedUnlock     os_core.o
    0x08000fb4   0x00000078   Code   RO         4322    i.OSSemCreate       os_sem.o
    0x0800102c   0x0000013c   Code   RO         4324    i.OSSemPend         os_sem.o
    0x08001168   0x0000006c   Code   RO         4326    i.OSSemPost         os_sem.o
    0x080011d4   0x00000058   Code   RO         3703    i.OSStart           os_core.o
    0x0800122c   0x000000b4   Code   RO         4394    i.OSStatReset       os_stat.o
    0x080012e0   0x00000010   Code   RO         4847    i.OSStatTaskHook    os_cpu_c.o
    0x080012f0   0x000001b4   Code   RO         4425    i.OSTaskCreate      os_task.o
    0x080014a4   0x00000010   Code   RO         4848    i.OSTaskCreateHook  os_cpu_c.o
    0x080014b4   0x00000118   Code   RO         4426    i.OSTaskDel         os_task.o
    0x080015cc   0x00000010   Code   RO         4849    i.OSTaskDelHook     os_cpu_c.o
    0x080015dc   0x0000014c   Code   RO         4428    i.OSTaskQPend       os_task.o
    0x08001728   0x0000005c   Code   RO         4430    i.OSTaskQPost       os_task.o
    0x08001784   0x00000010   Code   RO         4850    i.OSTaskReturnHook  os_cpu_c.o
    0x08001794   0x00000138   Code   RO         4435    i.OSTaskSemPend     os_task.o
    0x080018cc   0x00000094   Code   RO         4439    i.OSTaskStkChk      os_task.o
    0x08001960   0x00000070   Code   RO         4851    i.OSTaskStkInit     os_cpu_c.o
    0x080019d0   0x0000003c   Code   RO         4852    i.OSTaskSwHook      os_cpu_c.o
    0x08001a0c   0x000000ac   Code   RO         4640    i.OSTimeDly         os_time.o
    0x08001ab8   0x00000144   Code   RO         4641    i.OSTimeDlyHMSM     os_time.o
    0x08001bfc   0x00000040   Code   RO         4645    i.OSTimeTick        os_time.o
    0x08001c3c   0x00000010   Code   RO         4853    i.OSTimeTickHook    os_cpu_c.o
    0x08001c4c   0x00000002   Code   RO         3922    i.OS_Dbg_Init       os_dbg.o
    0x08001c4e   0x00000002   PAD
    0x08001c50   0x00000024   Code   RO         3946    i.OS_FlagDbgListAdd  os_flag.o
    0x08001c74   0x00000018   Code   RO         3948    i.OS_FlagInit       os_flag.o
    0x08001c8c   0x00000128   Code   RO         3949    i.OS_FlagPost       os_flag.o
    0x08001db4   0x00000044   Code   RO         3950    i.OS_FlagTaskRdy    os_flag.o
    0x08001df8   0x00000028   Code   RO         3705    i.OS_IdleTask       os_core.o
    0x08001e20   0x00000068   Code   RO         3706    i.OS_IdleTaskInit   os_core.o
    0x08001e88   0x000000b0   Code   RO         4021    i.OS_IntQPost       os_int.o
    0x08001f38   0x00000118   Code   RO         4022    i.OS_IntQRePost     os_int.o
    0x08002050   0x00000058   Code   RO         4023    i.OS_IntQTask       os_int.o
    0x080020a8   0x00000118   Code   RO         4024    i.OS_IntQTaskInit   os_int.o
    0x080021c0   0x0000001c   Code   RO         4054    i.OS_MemDbgListAdd  os_mem.o
    0x080021dc   0x00000018   Code   RO         4055    i.OS_MemInit        os_mem.o
    0x080021f4   0x00000068   Code   RO         4087    i.OS_MsgPoolInit    os_msg.o
    0x0800225c   0x00000034   Code   RO         4088    i.OS_MsgQFreeAll    os_msg.o
    0x08002290   0x00000058   Code   RO         4089    i.OS_MsgQGet        os_msg.o
    0x080022e8   0x0000000e   Code   RO         4090    i.OS_MsgQInit       os_msg.o
    0x080022f6   0x00000002   PAD
    0x080022f8   0x00000088   Code   RO         4091    i.OS_MsgQPut        os_msg.o
    0x08002380   0x00000018   Code   RO         4131    i.OS_MutexInit      os_mutex.o
    0x08002398   0x00000050   Code   RO         3707    i.OS_Pend           os_core.o
    0x080023e8   0x00000030   Code   RO         3710    i.OS_PendDataInit   os_core.o
    0x08002418   0x00000048   Code   RO         3711    i.OS_PendDbgNameAdd  os_core.o
    0x08002460   0x0000001c   Code   RO         3712    i.OS_PendDbgNameRemove  os_core.o
    0x0800247c   0x0000000a   Code   RO         3714    i.OS_PendListInit   os_core.o
    0x08002486   0x0000005a   Code   RO         3716    i.OS_PendListInsertPrio  os_core.o
    0x080024e0   0x00000026   Code   RO         3717    i.OS_PendListRemove  os_core.o
    0x08002506   0x00000036   Code   RO         3718    i.OS_PendListRemove1  os_core.o
    0x0800253c   0x00000098   Code   RO         3721    i.OS_Post           os_core.o
    0x080025d4   0x00000026   Code   RO         3722    i.OS_Post1          os_core.o
    0x080025fa   0x00000002   PAD
    0x080025fc   0x00000024   Code   RO         4213    i.OS_PrioGetHighest  os_prio.o
    0x08002620   0x0000000c   Code   RO         4214    i.OS_PrioInit       os_prio.o
    0x0800262c   0x00000020   Code   RO         4215    i.OS_PrioInsert     os_prio.o
    0x0800264c   0x00000020   Code   RO         4216    i.OS_PrioRemove     os_prio.o
    0x0800266c   0x00000024   Code   RO         4257    i.OS_QDbgListAdd    os_q.o
    0x08002690   0x00000018   Code   RO         4259    i.OS_QInit          os_q.o
    0x080026a8   0x000000c4   Code   RO         4260    i.OS_QPost          os_q.o
    0x0800276c   0x00000024   Code   RO         3723    i.OS_RdyListInit    os_core.o
    0x08002790   0x00000030   Code   RO         3724    i.OS_RdyListInsert  os_core.o
    0x080027c0   0x00000038   Code   RO         3725    i.OS_RdyListInsertHead  os_core.o
    0x080027f8   0x00000034   Code   RO         3726    i.OS_RdyListInsertTail  os_core.o
    0x0800282c   0x00000034   Code   RO         3727    i.OS_RdyListMoveHeadToTail  os_core.o
    0x08002860   0x00000054   Code   RO         3728    i.OS_RdyListRemove  os_core.o
    0x080028b4   0x00000048   Code   RO         3729    i.OS_Sched0         os_core.o
    0x080028fc   0x00000064   Code   RO         3730    i.OS_SchedRoundRobin  os_core.o
    0x08002960   0x00000024   Code   RO         4329    i.OS_SemDbgListAdd  os_sem.o
    0x08002984   0x00000018   Code   RO         4331    i.OS_SemInit        os_sem.o
    0x0800299c   0x000000b4   Code   RO         4332    i.OS_SemPost        os_sem.o
    0x08002a50   0x00000228   Code   RO         4396    i.OS_StatTask       os_stat.o
    0x08002c78   0x000000bc   Code   RO         4397    i.OS_StatTaskInit   os_stat.o
    0x08002d34   0x0000002a   Code   RO         3731    i.OS_TaskBlock      os_core.o
    0x08002d5e   0x00000002   PAD
    0x08002d60   0x00000024   Code   RO         4442    i.OS_TaskDbgListAdd  os_task.o
    0x08002d84   0x00000038   Code   RO         4443    i.OS_TaskDbgListRemove  os_task.o
    0x08002dbc   0x00000020   Code   RO         4444    i.OS_TaskInit       os_task.o
    0x08002ddc   0x000000bc   Code   RO         4445    i.OS_TaskInitTCB    os_task.o
    0x08002e98   0x000000ec   Code   RO         4446    i.OS_TaskQPost      os_task.o
    0x08002f84   0x0000001c   Code   RO         3732    i.OS_TaskRdy        os_core.o
    0x08002fa0   0x000000bc   Code   RO         4447    i.OS_TaskResume     os_task.o
    0x0800305c   0x00000018   Code   RO         4448    i.OS_TaskReturn     os_task.o
    0x08003074   0x00000114   Code   RO         4449    i.OS_TaskSemPost    os_task.o
    0x08003188   0x000000a8   Code   RO         4450    i.OS_TaskSuspend    os_task.o
    0x08003230   0x0000002c   Code   RO         4592    i.OS_TickListInit   os_tick.o
    0x0800325c   0x000000d8   Code   RO         4593    i.OS_TickListInsert  os_tick.o
    0x08003334   0x00000036   Code   RO         4594    i.OS_TickListRemove  os_tick.o
    0x0800336a   0x00000002   PAD
    0x0800336c   0x00000028   Code   RO         4595    i.OS_TickListResetPeak  os_tick.o
    0x08003394   0x00000140   Code   RO         4596    i.OS_TickListUpdate  os_tick.o
    0x080034d4   0x00000028   Code   RO         4597    i.OS_TickTask       os_tick.o
    0x080034fc   0x000000a8   Code   RO         4598    i.OS_TickTaskInit   os_tick.o
    0x080035a4   0x00000104   Code   RO         4691    i.OS_TmrInit        os_tmr.o
    0x080036a8   0x00000098   Code   RO         4692    i.OS_TmrLink        os_tmr.o
    0x08003740   0x00000028   Code   RO         4693    i.OS_TmrResetPeak   os_tmr.o
    0x08003768   0x0000009c   Code   RO         4694    i.OS_TmrTask        os_tmr.o
    0x08003804   0x0000004c   Code   RO         4695    i.OS_TmrUnlink      os_tmr.o
    0x08003850   0x0000001e   Code   RO         3439    i.Our_Sys_Init      bsp.o
    0x0800386e   0x00000002   PAD
    0x08003870   0x00000018   Code   RO          515    i.RCC_APB1PeriphClockCmd  stm32f10x_rcc.o
    0x08003888   0x00000018   Code   RO          517    i.RCC_APB2PeriphClockCmd  stm32f10x_rcc.o
    0x080038a0   0x0000000c   Code   RO          523    i.RCC_ClockSecuritySystemCmd  stm32f10x_rcc.o
    0x080038ac   0x00000040   Code   RO          524    i.RCC_DeInit        stm32f10x_rcc.o
    0x080038ec   0x00000090   Code   RO          525    i.RCC_GetClocksFreq  stm32f10x_rcc.o
    0x0800397c   0x00000030   Code   RO          526    i.RCC_GetFlagStatus  stm32f10x_rcc.o
    0x080039ac   0x00000010   Code   RO          528    i.RCC_GetSYSCLKSource  stm32f10x_rcc.o
    0x080039bc   0x00000014   Code   RO          529    i.RCC_HCLKConfig    stm32f10x_rcc.o
    0x080039d0   0x00000034   Code   RO          530    i.RCC_HSEConfig     stm32f10x_rcc.o
    0x08003a04   0x00000014   Code   RO          536    i.RCC_PCLK1Config   stm32f10x_rcc.o
    0x08003a18   0x00000014   Code   RO          537    i.RCC_PCLK2Config   stm32f10x_rcc.o
    0x08003a2c   0x0000000c   Code   RO          538    i.RCC_PLLCmd        stm32f10x_rcc.o
    0x08003a38   0x00000014   Code   RO          539    i.RCC_PLLConfig     stm32f10x_rcc.o
    0x08003a4c   0x00000014   Code   RO          542    i.RCC_SYSCLKConfig  stm32f10x_rcc.o
    0x08003a60   0x0000002c   Code   RO          544    i.RCC_WaitForHSEStartUp  stm32f10x_rcc.o
    0x08003a8c   0x00000084   Code   RO         3441    i.RCC_init          bsp.o
    0x08003b10   0x00000002   Code   RO         3244    i.SVC_Handler       stm32f10x_it.o
    0x08003b12   0x00000002   PAD
    0x08003b14   0x000000a8   Code   RO         3396    i.SetSysClockTo72   system_stm32f10x.o
    0x08003bbc   0x00000012   Code   RO         3245    i.SysTick_Handler   stm32f10x_it.o
    0x08003bce   0x00000002   PAD
    0x08003bd0   0x00000050   Code   RO         3398    i.SystemInit        system_stm32f10x.o
    0x08003c20   0x00000040   Code   RO         3442    i.Systick_init      bsp.o
    0x08003c60   0x00000054   Code   RO         3534    i.Task_LED1         app.o
    0x08003cb4   0x00000044   Code   RO         3535    i.Task_LED2         app.o
    0x08003cf8   0x00000048   Code   RO         3536    i.Task_LED3         app.o
    0x08003d40   0x00000190   Code   RO         3537    i.Task_Start        app.o
    0x08003ed0   0x0000005c   Code   RO         3246    i.USART1_IRQHandler  stm32f10x_it.o
    0x08003f2c   0x0000000c   Code   RO         2989    i.USART_ClearITPendingBit  stm32f10x_usart.o
    0x08003f38   0x00000014   Code   RO         2992    i.USART_Cmd         stm32f10x_usart.o
    0x08003f4c   0x0000003e   Code   RO         2996    i.USART_GetITStatus  stm32f10x_usart.o
    0x08003f8a   0x00000030   Code   RO         2998    i.USART_ITConfig    stm32f10x_usart.o
    0x08003fba   0x00000002   PAD
    0x08003fbc   0x000000ac   Code   RO         2999    i.USART_Init        stm32f10x_usart.o
    0x08004068   0x00000008   Code   RO         3009    i.USART_SendData    stm32f10x_usart.o
    0x08004070   0x00000002   Code   RO         3247    i.UsageFault_Handler  stm32f10x_it.o
    0x08004072   0x00000002   PAD
    0x08004074   0x00000014   Code   RO         3539    i.Usart1_RxDataDealTask  app.o
    0x08004088   0x00000090   Code   RO         3540    i.Usart1_SendMsgTask  app.o
    0x08004118   0x00000018   Code   RO         3541    i.Usart1_SendStr    app.o
    0x08004130   0x0000006c   Code   RO         3542    i.Usart1_StoreMsgTask  app.o
    0x0800419c   0x00000040   Code   RO         3444    i.Usart_Init        bsp.o
    0x080041dc   0x00000060   Code   RO         3445    i.i2c_init          bsp.o
    0x0800423c   0x00000128   Code   RO         3543    i.main              app.o
    0x08004364   0x00000004   Data   RO         3637    .constdata          os_cfg_app.o
    0x08004368   0x00000004   Data   RO         3638    .constdata          os_cfg_app.o
    0x0800436c   0x00000004   Data   RO         3639    .constdata          os_cfg_app.o
    0x08004370   0x00000004   Data   RO         3641    .constdata          os_cfg_app.o
    0x08004374   0x00000002   Data   RO         3642    .constdata          os_cfg_app.o
    0x08004376   0x00000002   PAD
    0x08004378   0x00000004   Data   RO         3644    .constdata          os_cfg_app.o
    0x0800437c   0x00000004   Data   RO         3645    .constdata          os_cfg_app.o
    0x08004380   0x00000004   Data   RO         3646    .constdata          os_cfg_app.o
    0x08004384   0x00000004   Data   RO         3648    .constdata          os_cfg_app.o
    0x08004388   0x00000004   Data   RO         3649    .constdata          os_cfg_app.o
    0x0800438c   0x00000002   Data   RO         3651    .constdata          os_cfg_app.o
    0x0800438e   0x00000002   PAD
    0x08004390   0x00000004   Data   RO         3653    .constdata          os_cfg_app.o
    0x08004394   0x00000001   Data   RO         3654    .constdata          os_cfg_app.o
    0x08004395   0x00000003   PAD
    0x08004398   0x00000004   Data   RO         3655    .constdata          os_cfg_app.o
    0x0800439c   0x00000004   Data   RO         3656    .constdata          os_cfg_app.o
    0x080043a0   0x00000004   Data   RO         3657    .constdata          os_cfg_app.o
    0x080043a4   0x00000004   Data   RO         3658    .constdata          os_cfg_app.o
    0x080043a8   0x00000004   Data   RO         3660    .constdata          os_cfg_app.o
    0x080043ac   0x00000004   Data   RO         3661    .constdata          os_cfg_app.o
    0x080043b0   0x00000001   Data   RO         3662    .constdata          os_cfg_app.o
    0x080043b1   0x00000003   PAD
    0x080043b4   0x00000004   Data   RO         3663    .constdata          os_cfg_app.o
    0x080043b8   0x00000004   Data   RO         3664    .constdata          os_cfg_app.o
    0x080043bc   0x00000004   Data   RO         3665    .constdata          os_cfg_app.o
    0x080043c0   0x00000002   Data   RO         3667    .constdata          os_cfg_app.o
    0x080043c2   0x00000001   Data   RO         3669    .constdata          os_cfg_app.o
    0x080043c3   0x00000001   PAD
    0x080043c4   0x00000004   Data   RO         3670    .constdata          os_cfg_app.o
    0x080043c8   0x00000004   Data   RO         3671    .constdata          os_cfg_app.o
    0x080043cc   0x00000004   Data   RO         3672    .constdata          os_cfg_app.o
    0x080043d0   0x00000004   Data   RO         3673    .constdata          os_cfg_app.o
    0x080043d4   0x00000002   Data   RO         3675    .constdata          os_cfg_app.o
    0x080043d6   0x00000002   PAD
    0x080043d8   0x00000020   Data   RO         5701    Region$$Table       anon$$obj.o


    Execution Region RW_IRAM1 (Base: 0x20000000, Size: 0x000043b0, Max: 0x0000c000, ABSOLUTE)

    Base Addr    Size         Type   Attr      Idx    E Section Name        Object

    0x20000000   0x00000014   Data   RW          545    .data               stm32f10x_rcc.o
    0x20000014   0x00000004   Data   RW         3248    .data               stm32f10x_it.o
    0x20000018   0x00000008   Data   RW         3546    .data               app.o
    0x20000020   0x00000004   Data   RW         4217    .data               os_prio.o
    0x20000024   0x00000004   Data   RW         4779    .data               os_var.o
    0x20000028   0x00000004   Data   RW         4780    .data               os_var.o
    0x2000002c   0x00000004   Data   RW         4781    .data               os_var.o
    0x20000030   0x00000004   Data   RW         4782    .data               os_var.o
    0x20000034   0x00000004   Data   RW         4783    .data               os_var.o
    0x20000038   0x00000004   Data   RW         4784    .data               os_var.o
    0x2000003c   0x00000004   Data   RW         4785    .data               os_var.o
    0x20000040   0x00000004   Data   RW         4786    .data               os_var.o
    0x20000044   0x00000001   Data   RW         4787    .data               os_var.o
    0x20000045   0x00000001   Data   RW         4788    .data               os_var.o
    0x20000046   0x00000002   PAD
    0x20000048   0x00000004   Data   RW         4789    .data               os_var.o
    0x2000004c   0x00000004   Data   RW         4790    .data               os_var.o
    0x20000050   0x00000002   Data   RW         4791    .data               os_var.o
    0x20000052   0x00000002   Data   RW         4792    .data               os_var.o
    0x20000054   0x00000002   Data   RW         4793    .data               os_var.o
    0x20000056   0x00000002   PAD
    0x20000058   0x00000004   Data   RW         4794    .data               os_var.o
    0x2000005c   0x00000004   Data   RW         4795    .data               os_var.o
    0x20000060   0x00000002   Data   RW         4796    .data               os_var.o
    0x20000062   0x00000002   PAD
    0x20000064   0x00000004   Data   RW         4797    .data               os_var.o
    0x20000068   0x00000002   Data   RW         4798    .data               os_var.o
    0x2000006a   0x00000002   PAD
    0x2000006c   0x00000004   Data   RW         4799    .data               os_var.o
    0x20000070   0x00000002   Data   RW         4800    .data               os_var.o
    0x20000072   0x00000001   Data   RW         4801    .data               os_var.o
    0x20000073   0x00000001   Data   RW         4802    .data               os_var.o
    0x20000074   0x00000001   Data   RW         4803    .data               os_var.o
    0x20000075   0x00000003   PAD
    0x20000078   0x00000004   Data   RW         4804    .data               os_var.o
    0x2000007c   0x00000002   Data   RW         4805    .data               os_var.o
    0x2000007e   0x00000001   Data   RW         4806    .data               os_var.o
    0x2000007f   0x00000001   PAD
    0x20000080   0x00000004   Data   RW         4807    .data               os_var.o
    0x20000084   0x00000001   Data   RW         4808    .data               os_var.o
    0x20000085   0x00000003   PAD
    0x20000088   0x00000004   Data   RW         4809    .data               os_var.o
    0x2000008c   0x00000002   Data   RW         4810    .data               os_var.o
    0x2000008e   0x00000001   Data   RW         4811    .data               os_var.o
    0x2000008f   0x00000001   PAD
    0x20000090   0x00000002   Data   RW         4812    .data               os_var.o
    0x20000092   0x00000002   Data   RW         4813    .data               os_var.o
    0x20000094   0x00000004   Data   RW         4814    .data               os_var.o
    0x20000098   0x00000004   Data   RW         4815    .data               os_var.o
    0x2000009c   0x00000004   Data   RW         4816    .data               os_var.o
    0x200000a0   0x00000001   Data   RW         4817    .data               os_var.o
    0x200000a1   0x00000003   PAD
    0x200000a4   0x00000004   Data   RW         4818    .data               os_var.o
    0x200000a8   0x00000004   Data   RW         4819    .data               os_var.o
    0x200000ac   0x00000004   Data   RW         4820    .data               os_var.o
    0x200000b0   0x00000002   Data   RW         4821    .data               os_var.o
    0x200000b2   0x00000001   Data   RW         4822    .data               os_var.o
    0x200000b3   0x00000001   PAD
    0x200000b4   0x00000004   Data   RW         4823    .data               os_var.o
    0x200000b8   0x00000004   Data   RW         4824    .data               os_var.o
    0x200000bc   0x00000004   Data   RW         4825    .data               os_var.o
    0x200000c0   0x00000004   Data   RW         4827    .data               os_var.o
    0x200000c4   0x00000004   Data   RW         4828    .data               os_var.o
    0x200000c8   0x00000004   Data   RW         4829    .data               os_var.o
    0x200000cc   0x00000004   Data   RW         4830    .data               os_var.o
    0x200000d0   0x00000004   Data   RW         4831    .data               os_var.o
    0x200000d4   0x00000004   Data   RW         4832    .data               os_var.o
    0x200000d8   0x00000004   Data   RW         4854    .data               os_cpu_c.o
    0x200000dc   0x00000014   Zero   RW         3446    .bss                bsp.o
    0x200000f0   0x00002280   Zero   RW         3544    .bss                app.o
    0x20002370   0x00000200   Zero   RW         3627    .bss                os_cfg_app.o
    0x20002570   0x00000140   Zero   RW         3628    .bss                os_cfg_app.o
    0x200026b0   0x00000200   Zero   RW         3629    .bss                os_cfg_app.o
    0x200028b0   0x00000200   Zero   RW         3630    .bss                os_cfg_app.o
    0x20002ab0   0x00000640   Zero   RW         3631    .bss                os_cfg_app.o
    0x200030f0   0x00000200   Zero   RW         3632    .bss                os_cfg_app.o
    0x200032f0   0x00000200   Zero   RW         3633    .bss                os_cfg_app.o
    0x200034f0   0x00000088   Zero   RW         3634    .bss                os_cfg_app.o
    0x20003578   0x00000200   Zero   RW         3635    .bss                os_cfg_app.o
    0x20003778   0x00000088   Zero   RW         3636    .bss                os_cfg_app.o
    0x20003800   0x000000c0   Zero   RW         4772    .bss                os_var.o
    0x200038c0   0x000000c0   Zero   RW         4773    .bss                os_var.o
    0x20003980   0x0000000c   Zero   RW         4774    .bss                os_var.o
    0x2000398c   0x00000180   Zero   RW         4775    .bss                os_var.o
    0x20003b0c   0x000000c0   Zero   RW         4776    .bss                os_var.o
    0x20003bcc   0x000000c0   Zero   RW         4777    .bss                os_var.o
    0x20003c8c   0x000000c0   Zero   RW         4778    .bss                os_var.o
    0x20003d4c   0x00000060   Zero   RW         5576    .bss                c_w.l(libspace.o)
    0x20003dac   0x00000004   PAD
    0x20003db0   0x00000200   Zero   RW            2    HEAP                startup_stm32f10x_hd.o
    0x20003fb0   0x00000400   Zero   RW            1    STACK               startup_stm32f10x_hd.o


==============================================================================

Image component sizes


      Code (inc. data)   RO Data    RW Data    ZI Data      Debug   Object Name

      1216        316          0          8       8832       6201   app.o
       638         34          0          0         20      26797   bsp.o
        52          0          0          0          0        276   cpu_a.o
       120         16          0          0          0     240443   misc.o
         2          0        103          0       5264      20348   os_cfg_app.o
      2248        380          0          0          0      16379   os_core.o
       132         32          0          0          0        292   os_cpu_a.o
       300         54          0          4          0       5128   os_cpu_c.o
         2          0          0          0          0        794   os_dbg.o
       652         62          0          0          0       4187   os_flag.o
       824        200          0          0          0       2870   os_int.o
       388         32          0          0          0       3180   os_mem.o
       394         26          0          0          0       3274   os_msg.o
        24         10          0          0          0        825   os_mutex.o
       112         16          0          4          0       2390   os_prio.o
       896         72          0          0          0       4413   os_q.o
       784         68          0          0          0       4343   os_sem.o
       920        176          0          0          0       2622   os_stat.o
      2804        244          0          0          0      10997   os_task.o
       882        126          0          0          0       4685   os_tick.o
       560         46          0          0          0       2461   os_time.o
       684        136          0          0          0       3488   os_tmr.o
         0          0          0        160       1356      18983   os_var.o
        76         32        304          0       1536        812   startup_stm32f10x_hd.o
        44         12          0          0          0       1013   stm32f10x_flash.o
       170          0          0          0          0       2728   stm32f10x_gpio.o
       238         10          0          0          0       3935   stm32f10x_i2c.o
       304         44          0          4          0      32582   stm32f10x_it.o
       540         94          0         20          0      10483   stm32f10x_rcc.o
       322          6          0          0          0       5117   stm32f10x_usart.o
       248         24          0          0          0       1469   system_stm32f10x.o

    ----------------------------------------------------------------------
     16606       2268        452        220      17008     443515   Object Totals
         0          0         32          0          0          0   (incl. Generated)
        30          0         13         20          0          0   (incl. Padding)

    ----------------------------------------------------------------------

      Code (inc. data)   RO Data    RW Data    ZI Data      Debug   Library Member Name

         8          0          0          0          0         68   __main.o
         0          0          0          0          0          0   __rtentry.o
        12          0          0          0          0          0   __rtentry2.o
         6          0          0          0          0          0   __rtentry4.o
        52          8          0          0          0          0   __scatter.o
        26          0          0          0          0          0   __scatter_copy.o
        28          0          0          0          0          0   __scatter_zi.o
        12          0          0          0          0         72   exit.o
         6          0          0          0          0        152   heapauxi.o
         0          0          0          0          0          0   indicate_semi.o
         2          0          0          0          0          0   libinit.o
         2          0          0          0          0          0   libinit2.o
         2          0          0          0          0          0   libshutdown.o
         2          0          0          0          0          0   libshutdown2.o
         8          4          0          0         96         68   libspace.o
         2          0          0          0          0          0   rtexit.o
        10          0          0          0          0          0   rtexit2.o
        72          0          0          0          0         80   strcpy.o
        12          4          0          0          0         68   sys_exit.o
        74          0          0          0          0         80   sys_stackheap_outer.o
         2          0          0          0          0         68   use_no_semi.o

    ----------------------------------------------------------------------
       342         16          0          0        100        656   Library Totals
         4          0          0          0          4          0   (incl. Padding)

    ----------------------------------------------------------------------

      Code (inc. data)   RO Data    RW Data    ZI Data      Debug   Library Name

       338         16          0          0         96        656   c_w.l

    ----------------------------------------------------------------------
       342         16          0          0        100        656   Library Totals

    ----------------------------------------------------------------------

==============================================================================


      Code (inc. data)   RO Data    RW Data    ZI Data      Debug   

     16948       2284        452        220      17108     435327   Grand Totals
     16948       2284        452        220      17108     435327   ELF Image Totals
     16948       2284        452        220          0          0   ROM Totals

==============================================================================

    Total RO  Size (Code + RO Data)                17400 (  16.99kB)
    Total RW  Size (RW Data + ZI Data)             17328 (  16.92kB)
    Total ROM Size (Code + RO Data + RW Data)      17620 (  17.21kB)

==============================================================================

